Component: ARM Compiler 5.06 update 5 (build 528) Tool: armlink [4d35e2]

==============================================================================

Section Cross References

    startup_stm32f103xb.o(RESET) refers to startup_stm32f103xb.o(STACK) for __initial_sp
    startup_stm32f103xb.o(RESET) refers to startup_stm32f103xb.o(.text) for Reset_Handler
    startup_stm32f103xb.o(RESET) refers to stm32f1xx_it.o(i.NMI_Handler) for NMI_Handler
    startup_stm32f103xb.o(RESET) refers to stm32f1xx_it.o(i.HardFault_Handler) for HardFault_Handler
    startup_stm32f103xb.o(RESET) refers to stm32f1xx_it.o(i.MemManage_Handler) for MemManage_Handler
    startup_stm32f103xb.o(RESET) refers to stm32f1xx_it.o(i.BusFault_Handler) for BusFault_Handler
    startup_stm32f103xb.o(RESET) refers to stm32f1xx_it.o(i.UsageFault_Handler) for UsageFault_Handler
    startup_stm32f103xb.o(RESET) refers to stm32f1xx_it.o(i.SVC_Handler) for SVC_Handler
    startup_stm32f103xb.o(RESET) refers to stm32f1xx_it.o(i.DebugMon_Handler) for DebugMon_Handler
    startup_stm32f103xb.o(RESET) refers to stm32f1xx_it.o(i.PendSV_Handler) for PendSV_Handler
    startup_stm32f103xb.o(RESET) refers to stm32f1xx_it.o(i.SysTick_Handler) for SysTick_Handler
    startup_stm32f103xb.o(RESET) refers to stm32f1xx_it.o(i.USART1_IRQHandler) for USART1_IRQHandler
    startup_stm32f103xb.o(.text) refers to system_stm32f1xx.o(i.SystemInit) for SystemInit
    startup_stm32f103xb.o(.text) refers to entry.o(.ARM.Collect$$$$00000000) for __main
    main.o(i.HAL_UART_RxCpltCallback) refers to stm32f1xx_hal_uart.o(i.HAL_UART_Receive_IT) for HAL_UART_Receive_IT
    main.o(i.HAL_UART_RxCpltCallback) refers to main.o(.data) for .data
    main.o(i.HAL_UART_RxCpltCallback) refers to main.o(.bss) for .bss
    main.o(i.HAL_UART_RxCpltCallback) refers to usart.o(.bss) for huart1
    main.o(i.MCP4725_SetVoltage) refers to stm32f1xx_hal_i2c.o(i.HAL_I2C_Master_Transmit) for HAL_I2C_Master_Transmit
    main.o(i.MCP4725_SetVoltage) refers to printfa.o(i.__0printf) for __2printf
    main.o(i.MCP4725_SetVoltage) refers to i2c.o(.bss) for hi2c1
    main.o(i.SystemClock_Config) refers to memseta.o(.text) for __aeabi_memclr4
    main.o(i.SystemClock_Config) refers to stm32f1xx_hal_rcc.o(i.HAL_RCC_OscConfig) for HAL_RCC_OscConfig
    main.o(i.SystemClock_Config) refers to stm32f1xx_hal_rcc.o(i.HAL_RCC_ClockConfig) for HAL_RCC_ClockConfig
    main.o(i.SystemClock_Config) refers to stm32f1xx_hal_rcc_ex.o(i.HAL_RCCEx_PeriphCLKConfig) for HAL_RCCEx_PeriphCLKConfig
    main.o(i.fputc) refers to stm32f1xx_hal_uart.o(i.HAL_UART_Transmit) for HAL_UART_Transmit
    main.o(i.fputc) refers to usart.o(.bss) for huart1
    main.o(i.main) refers to stm32f1xx_hal.o(i.HAL_Init) for HAL_Init
    main.o(i.main) refers to main.o(i.SystemClock_Config) for SystemClock_Config
    main.o(i.main) refers to gpio.o(i.MX_GPIO_Init) for MX_GPIO_Init
    main.o(i.main) refers to i2c.o(i.MX_I2C1_Init) for MX_I2C1_Init
    main.o(i.main) refers to usart.o(i.MX_USART1_UART_Init) for MX_USART1_UART_Init
    main.o(i.main) refers to adc.o(i.MX_ADC1_Init) for MX_ADC1_Init
    main.o(i.main) refers to stm32f1xx_hal_gpio.o(i.HAL_GPIO_WritePin) for HAL_GPIO_WritePin
    main.o(i.main) refers to printfa.o(i.__0printf) for __2printf
    main.o(i.main) refers to instruction_manager.o(i.Instruction_Init) for Instruction_Init
    main.o(i.main) refers to stm32f1xx_hal_uart.o(i.HAL_UART_Receive_IT) for HAL_UART_Receive_IT
    main.o(i.main) refers to instruction_manager.o(i.Instruction_Parse) for Instruction_Parse
    main.o(i.main) refers to instruction_manager.o(i.Instruction_Loop) for Instruction_Loop
    main.o(i.main) refers to main.o(.data) for .data
    main.o(i.main) refers to usart.o(.bss) for huart1
    main.o(i.main) refers to main.o(.bss) for .bss
    gpio.o(i.MX_GPIO_Init) refers to stm32f1xx_hal_gpio.o(i.HAL_GPIO_WritePin) for HAL_GPIO_WritePin
    gpio.o(i.MX_GPIO_Init) refers to stm32f1xx_hal_gpio.o(i.HAL_GPIO_Init) for HAL_GPIO_Init
    adc.o(i.HAL_ADC_MspDeInit) refers to stm32f1xx_hal_gpio.o(i.HAL_GPIO_DeInit) for HAL_GPIO_DeInit
    adc.o(i.HAL_ADC_MspInit) refers to stm32f1xx_hal_gpio.o(i.HAL_GPIO_Init) for HAL_GPIO_Init
    adc.o(i.MX_ADC1_Init) refers to stm32f1xx_hal_adc.o(i.HAL_ADC_Init) for HAL_ADC_Init
    adc.o(i.MX_ADC1_Init) refers to main.o(i.Error_Handler) for Error_Handler
    adc.o(i.MX_ADC1_Init) refers to stm32f1xx_hal_adc.o(i.HAL_ADC_ConfigChannel) for HAL_ADC_ConfigChannel
    adc.o(i.MX_ADC1_Init) refers to adc.o(.bss) for .bss
    i2c.o(i.HAL_I2C_MspDeInit) refers to stm32f1xx_hal_gpio.o(i.HAL_GPIO_DeInit) for HAL_GPIO_DeInit
    i2c.o(i.HAL_I2C_MspInit) refers to stm32f1xx_hal_gpio.o(i.HAL_GPIO_Init) for HAL_GPIO_Init
    i2c.o(i.MX_I2C1_Init) refers to stm32f1xx_hal_i2c.o(i.HAL_I2C_Init) for HAL_I2C_Init
    i2c.o(i.MX_I2C1_Init) refers to main.o(i.Error_Handler) for Error_Handler
    i2c.o(i.MX_I2C1_Init) refers to i2c.o(.bss) for .bss
[...]
    ..\Drivers\STM32F1xx_HAL_Driver\Src\stm32f1xx_hal_pwr.c 0x00000000   Number         0  stm32f1xx_hal_pwr.o ABSOLUTE
    ..\Drivers\STM32F1xx_HAL_Driver\Src\stm32f1xx_hal_rcc.c 0x00000000   Number         0  stm32f1xx_hal_rcc.o ABSOLUTE
    ..\Drivers\STM32F1xx_HAL_Driver\Src\stm32f1xx_hal_rcc_ex.c 0x00000000   Number         0  stm32f1xx_hal_rcc_ex.o ABSOLUTE
    ..\Drivers\STM32F1xx_HAL_Driver\Src\stm32f1xx_hal_uart.c 0x00000000   Number         0  stm32f1xx_hal_uart.o ABSOLUTE
    ..\\instruction\\C\\cmd_adc.c            0x00000000   Number         0  cmd_adc.o ABSOLUTE
    ..\\instruction\\C\\cmd_buzzer.c         0x00000000   Number         0  cmd_buzzer.o ABSOLUTE
    ..\\instruction\\C\\cmd_direction.c      0x00000000   Number         0  cmd_direction.o ABSOLUTE
    ..\\instruction\\C\\cmd_ramp.c           0x00000000   Number         0  cmd_ramp.o ABSOLUTE
    ..\\instruction\\C\\cmd_self_test.c      0x00000000   Number         0  cmd_self_test.o ABSOLUTE
    ..\\instruction\\C\\cmd_start.c          0x00000000   Number         0  cmd_start.o ABSOLUTE
    ..\\instruction\\C\\cmd_timer.c          0x00000000   Number         0  cmd_timer.o ABSOLUTE
    ..\\instruction\\C\\instruction_manager.c 0x00000000   Number         0  instruction_manager.o ABSOLUTE
    ..\instruction\C\cmd_adc.c               0x00000000   Number         0  cmd_adc.o ABSOLUTE
    ..\instruction\C\cmd_basic.c             0x00000000   Number         0  cmd_basic.o ABSOLUTE
    ..\instruction\C\cmd_buzzer.c            0x00000000   Number         0  cmd_buzzer.o ABSOLUTE
    ..\instruction\C\cmd_cal.c               0x00000000   Number         0  cmd_cal.o ABSOLUTE
    ..\instruction\C\cmd_direction.c         0x00000000   Number         0  cmd_direction.o ABSOLUTE
    ..\instruction\C\cmd_help.c              0x00000000   Number         0  cmd_help.o ABSOLUTE
    ..\instruction\C\cmd_ramp.c              0x00000000   Number         0  cmd_ramp.o ABSOLUTE
    ..\instruction\C\cmd_self_test.c         0x00000000   Number         0  cmd_self_test.o ABSOLUTE
    ..\instruction\C\cmd_start.c             0x00000000   Number         0  cmd_start.o ABSOLUTE
    ..\instruction\C\cmd_timer.c             0x00000000   Number         0  cmd_timer.o ABSOLUTE
    ..\instruction\C\instruction_manager.c   0x00000000   Number         0  instruction_manager.o ABSOLUTE
    ..\miku666\C\calibration.c               0x00000000   Number         0  calibration.o ABSOLUTE
    cdcmple.s                                0x00000000   Number         0  cdcmple.o ABSOLUTE
    cdrcmple.s                               0x00000000   Number         0  cdrcmple.o ABSOLUTE
    cfcmple.s                                0x00000000   Number         0  cfcmple.o ABSOLUTE
    cfrcmple.s                               0x00000000   Number         0  cfrcmple.o ABSOLUTE
    dc.s                                     0x00000000   Number         0  dc.o ABSOLUTE
    handlers.s                               0x00000000   Number         0  handlers.o ABSOLUTE
    init.s                                   0x00000000   Number         0  init.o ABSOLUTE
    startup_stm32f103xb.s                    0x00000000   Number         0  startup_stm32f103xb.o ABSOLUTE
    RESET                                    0x08000000   Section      236  startup_stm32f103xb.o(RESET)
    .ARM.Collect$$$$00000000                 0x080000ec   Section        0  entry.o(.ARM.Collect$$$$00000000)
    .ARM.Collect$$$$00000001                 0x080000ec   Section        4  entry2.o(.ARM.Collect$$$$00000001)
    .ARM.Collect$$$$00000004                 0x080000f0   Section        4  entry5.o(.ARM.Collect$$$$00000004)
    .ARM.Collect$$$$00000008                 0x080000f4   Section        0  entry7b.o(.ARM.Collect$$$$00000008)
    .ARM.Collect$$$$0000000A                 0x080000f4   Section        0  entry8b.o(.ARM.Collect$$$$0000000A)
    .ARM.Collect$$$$0000000B                 0x080000f4   Section        8  entry9a.o(.ARM.Collect$$$$0000000B)
    .ARM.Collect$$$$0000000D                 0x080000fc   Section        0  entry10a.o(.ARM.Collect$$$$0000000D)
    .ARM.Collect$$$$0000000F                 0x080000fc   Section        0  entry11a.o(.ARM.Collect$$$$0000000F)
    .ARM.Collect$$$$00002712                 0x080000fc   Section        4  entry2.o(.ARM.Collect$$$$00002712)
    __lit__00000000                          0x080000fc   Data           4  entry2.o(.ARM.Collect$$$$00002712)
    .text                                    0x08000100   Section       36  startup_stm32f103xb.o(.text)
    .text                                    0x08000124   Section        0  llushr.o(.text)
    .text                                    0x08000144   Section        0  ctype_o.o(.text)
    .text                                    0x0800014c   Section        0  isspace_o.o(.text)
    .text                                    0x0800015e   Section        0  tolower.o(.text)
    .text                                    0x0800016a   Section        0  memseta.o(.text)
    .text                                    0x0800018e   Section        0  strchr.o(.text)
    .text                                    0x080001a2   Section        0  strlen.o(.text)
    .text                                    0x080001b0   Section        0  strncmp.o(.text)
    .text                                    0x080001ce   Section        0  strpbrk.o(.text)
    .text                                    0x080001ee   Section        0  strcasecmp.o(.text)
    .text                                    0x08000218   Section        0  fadd.o(.text)
    .text                                    0x080002c8   Section        0  fmul.o(.text)
    .text                                    0x0800032c   Section        0  fdiv.o(.text)
    .text                                    0x080003a8   Section        0  fscalb.o(.text)
    .text                                    0x080003c0   Section        0  ffltui.o(.text)
    .text                                    0x080003ca   Section        0  ffixui.o(.text)
    .text                                    0x080003f2   Section        0  f2d.o(.text)
    .text                                    0x08000418   Section        0  d2f.o(.text)
    .text                                    0x08000450   Section       20  cfcmple.o(.text)
    .text                                    0x08000464   Section       20  cfrcmple.o(.text)
    .text                                    0x08000478   Section        0  uidiv.o(.text)
    .text                                    0x080004a4   Section        0  uldiv.o(.text)
    .text                                    0x08000508   Section        0  strtod.o(.text)
    _local_sscanf                            0x08000509   Thumb Code    54  strtod.o(.text)
    .text                                    0x080005a4   Section        0  strtof.o(.text)
    .text                                    0x080005be   Section        0  fepilogue.o(.text)
    .text                                    0x080005be   Section        0  iusefp.o(.text)
    .text                                    0x0800062c   Section        0  dadd.o(.text)
    .text                                    0x0800077a   Section        0  dmul.o(.text)
    .text                                    0x0800085e   Section        0  ddiv.o(.text)
    .text                                    0x0800093c   Section        0  dfixul.o(.text)
    .text                                    0x0800096c   Section       48  cdrcmple.o(.text)
    .text                                    0x0800099c   Section       36  init.o(.text)
    .text                                    0x080009c0   Section        0  llshl.o(.text)
    .text                                    0x080009de   Section        0  llsshr.o(.text)
    .text                                    0x08000a04   Section        0  scanf_fp.o(.text)
    _fp_value                                0x08000a05   Thumb Code   296  scanf_fp.o(.text)
    .text                                    0x08000d64   Section        0  _sgetc.o(.text)
    .text                                    0x08000da4   Section        0  depilogue.o(.text)
    .text                                    0x08000e5e   Section        0  dfltul.o(.text)
    .text                                    0x08000e78   Section       48  cdcmple.o(.text)
    .text                                    0x08000ea8   Section        0  fpstat.o(.text)
    .text                                    0x08000eac   Section        0  dscalb.o(.text)
    i.ADC_ConversionStop_Disable             0x08000edc   Section        0  stm32f1xx_hal_adc.o(i.ADC_ConversionStop_Disable)
    i.ADC_Enable                             0x08000f34   Section        0  stm32f1xx_hal_adc.o(i.ADC_Enable)
    i.ADC_Parse                              0x08000fb0   Section        0  cmd_adc.o(i.ADC_Parse)
    i.ADC_Update                             0x0800102c   Section        0  cmd_adc.o(i.ADC_Update)
    i.Apply_Physical_Output                  0x080010bc   Section        0  instruction_manager.o(i.Apply_Physical_Output)
    Apply_Physical_Output                    0x080010bd   Thumb Code    46  instruction_manager.o(i.Apply_Physical_Output)
    i.Basic_Parse                            0x080010f4   Section        0  cmd_basic.o(i.Basic_Parse)
    i.BusFault_Handler                       0x080011a0   Section        0  stm32f1xx_it.o(i.BusFault_Handler)
    i.Buzzer_Init                            0x080011a4   Section        0  cmd_buzzer.o(i.Buzzer_Init)
    i.Buzzer_Parse                           0x080011f4   Section        0  cmd_buzzer.o(i.Buzzer_Parse)
    i.Buzzer_Update                          0x0800131c   Section        0  cmd_buzzer.o(i.Buzzer_Update)
    i.Cal_End                                0x0800135c   Section        0  cmd_cal.o(i.Cal_End)
    i.Cal_Process                            0x0800138c   Section        0  cmd_cal.o(i.Cal_Process)
    i.Cal_Start                              0x08001418   Section        0  cmd_cal.o(i.Cal_Start)
    i.Calibration_AddPoint                   0x0800145c   Section        0  calibration.o(i.Calibration_AddPoint)
    i.Calibration_End                        0x08001488   Section        0  calibration.o(i.Calibration_End)
    i.Calibration_GetCorrectedValue          0x08001510   Section        0  calibration.o(i.Calibration_GetCorrectedValue)
    i.Calibration_Init                       0x08001604   Section        0  calibration.o(i.Calibration_Init)
    i.Calibration_Start                      0x08001640   Section        0  calibration.o(i.Calibration_Start)
    i.DebugMon_Handler                       0x08001650   Section        0  stm32f1xx_it.o(i.DebugMon_Handler)
    i.Direction_Init                         0x08001654   Section        0  cmd_direction.o(i.Direction_Init)
    i.Direction_Parse                        0x08001664   Section        0  cmd_direction.o(i.Direction_Parse)
    i.Error_Handler                          0x0800174c   Section        0  main.o(i.Error_Handler)
    i.Get_Average_Voltage                    0x08001750   Section        0  cmd_self_test.o(i.Get_Average_Voltage)
    Get_Average_Voltage                      0x08001751   Thumb Code    82  cmd_self_test.o(i.Get_Average_Voltage)
    i.HAL_ADC_ConfigChannel                  0x080017b4   Section        0  stm32f1xx_hal_adc.o(i.HAL_ADC_ConfigChannel)
    i.HAL_ADC_GetValue                       0x080018b0   Section        0  stm32f1xx_hal_adc.o(i.HAL_ADC_GetValue)
    i.HAL_ADC_Init                           0x080018b8   Section        0  stm32f1xx_hal_adc.o(i.HAL_ADC_Init)
    i.HAL_ADC_MspInit                        0x080019d4   Section        0  adc.o(i.HAL_ADC_MspInit)
    i.HAL_ADC_PollForConversion              0x08001a2c   Section        0  stm32f1xx_hal_adc.o(i.HAL_ADC_PollForConversion)
    i.HAL_ADC_Start                          0x08001b68   Section        0  stm32f1xx_hal_adc.o(i.HAL_ADC_Start)
    i.HAL_ADC_Stop                           0x08001c28   Section        0  stm32f1xx_hal_adc.o(i.HAL_ADC_Stop)
    i.HAL_DMA_Abort                          0x08001c5c   Section        0  stm32f1xx_hal_dma.o(i.HAL_DMA_Abort)
    i.HAL_DMA_Abort_IT                       0x08001ca4   Section        0  stm32f1xx_hal_dma.o(i.HAL_DMA_Abort_IT)
    i.HAL_Delay                              0x08001d3c   Section        0  stm32f1xx_hal.o(i.HAL_Delay)
    i.HAL_GPIO_Init                          0x08001d60   Section        0  stm32f1xx_hal_gpio.o(i.HAL_GPIO_Init)
    i.HAL_GPIO_ReadPin                       0x08001f40   Section        0  stm32f1xx_hal_gpio.o(i.HAL_GPIO_ReadPin)
    i.HAL_GPIO_TogglePin                     0x08001f4a   Section        0  stm32f1xx_hal_gpio.o(i.HAL_GPIO_TogglePin)
    i.HAL_GPIO_WritePin                      0x08001f5a   Section        0  stm32f1xx_hal_gpio.o(i.HAL_GPIO_WritePin)
    i.HAL_GetTick                            0x08001f64   Section        0  stm32f1xx_hal.o(i.HAL_GetTick)
    i.HAL_I2C_Init                           0x08001f70   Section        0  stm32f1xx_hal_i2c.o(i.HAL_I2C_Init)
    i.HAL_I2C_Master_Transmit                0x080020f8   Section        0  stm32f1xx_hal_i2c.o(i.HAL_I2C_Master_Transmit)
    i.HAL_I2C_MspInit                        0x08002224   Section        0  i2c.o(i.HAL_I2C_MspInit)
    i.HAL_IncTick                            0x08002280   Section        0  stm32f1xx_hal.o(i.HAL_IncTick)
    i.HAL_Init                               0x08002290   Section        0  stm32f1xx_hal.o(i.HAL_Init)
    i.HAL_InitTick                           0x080022b4   Section        0  stm32f1xx_hal.o(i.HAL_InitTick)
    i.HAL_MspInit                            0x080022f4   Section        0  stm32f1xx_hal_msp.o(i.HAL_MspInit)
    i.HAL_NVIC_EnableIRQ                     0x08002330   Section        0  stm32f1xx_hal_cortex.o(i.HAL_NVIC_EnableIRQ)
    i.HAL_NVIC_SetPriority                   0x0800234c   Section        0  stm32f1xx_hal_cortex.o(i.HAL_NVIC_SetPriority)
    i.HAL_NVIC_SetPriorityGrouping           0x0800238c   Section        0  stm32f1xx_hal_cortex.o(i.HAL_NVIC_SetPriorityGrouping)
    i.HAL_RCCEx_GetPeriphCLKFreq             0x080023b0   Section        0  stm32f1xx_hal_rcc_ex.o(i.HAL_RCCEx_GetPeriphCLKFreq)
    i.HAL_RCCEx_PeriphCLKConfig              0x08002454   Section        0  stm32f1xx_hal_rcc_ex.o(i.HAL_RCCEx_PeriphCLKConfig)
    i.HAL_RCC_ClockConfig                    0x08002540   Section        0  stm32f1xx_hal_rcc.o(i.HAL_RCC_ClockConfig)
    i.HAL_RCC_GetPCLK1Freq                   0x0800266c   Section        0  stm32f1xx_hal_rcc.o(i.HAL_RCC_GetPCLK1Freq)
    i.HAL_RCC_GetPCLK2Freq                   0x0800268c   Section        0  stm32f1xx_hal_rcc.o(i.HAL_RCC_GetPCLK2Freq)
    i.HAL_RCC_GetSysClockFreq                0x080026ac   Section        0  stm32f1xx_hal_rcc.o(i.HAL_RCC_GetSysClockFreq)
    i.HAL_RCC_OscConfig                      0x080026f8   Section        0  stm32f1xx_hal_rcc.o(i.HAL_RCC_OscConfig)
    i.HAL_SYSTICK_Config                     0x08002a18   Section        0  stm32f1xx_hal_cortex.o(i.HAL_SYSTICK_Config)
    i.HAL_UARTEx_RxEventCallback             0x08002a40   Section        0  stm32f1xx_hal_uart.o(i.HAL_UARTEx_RxEventCallback)
    i.HAL_UART_ErrorCallback                 0x08002a42   Section        0  stm32f1xx_hal_uart.o(i.HAL_UART_ErrorCallback)
    i.HAL_UART_IRQHandler                    0x08002a44   Section        0  stm32f1xx_hal_uart.o(i.HAL_UART_IRQHandler)
    i.HAL_UART_Init                          0x08002cb0   Section        0  stm32f1xx_hal_uart.o(i.HAL_UART_Init)
    i.HAL_UART_MspInit                       0x08002d14   Section        0  usart.o(i.HAL_UART_MspInit)
    i.HAL_UART_Receive_IT                    0x08002d94   Section        0  stm32f1xx_hal_uart.o(i.HAL_UART_Receive_IT)
    i.HAL_UART_RxCpltCallback                0x08002db0   Section        0  main.o(i.HAL_UART_RxCpltCallback)
    i.HAL_UART_Transmit                      0x08002e04   Section        0  stm32f1xx_hal_uart.o(i.HAL_UART_Transmit)
    i.HAL_UART_TxCpltCallback                0x08002ea4   Section        0  stm32f1xx_hal_uart.o(i.HAL_UART_TxCpltCallback)
    i.HardFault_Handler                      0x08002ea6   Section        0  stm32f1xx_it.o(i.HardFault_Handler)
    i.Help_Parse                             0x08002ea8   Section        0  cmd_help.o(i.Help_Parse)
    i.I2C_IsAcknowledgeFailed                0x080034c8   Section        0  stm32f1xx_hal_i2c.o(i.I2C_IsAcknowledgeFailed)
    I2C_IsAcknowledgeFailed                  0x080034c9   Thumb Code    46  stm32f1xx_hal_i2c.o(i.I2C_IsAcknowledgeFailed)
    i.I2C_MasterRequestWrite                 0x080034f8   Section        0  stm32f1xx_hal_i2c.o(i.I2C_MasterRequestWrite)
    I2C_MasterRequestWrite                   0x080034f9   Thumb Code   150  stm32f1xx_hal_i2c.o(i.I2C_MasterRequestWrite)
    i.I2C_WaitOnBTFFlagUntilTimeout          0x08003594   Section        0  stm32f1xx_hal_i2c.o(i.I2C_WaitOnBTFFlagUntilTimeout)
    I2C_WaitOnBTFFlagUntilTimeout            0x08003595   Thumb Code    86  stm32f1xx_hal_i2c.o(i.I2C_WaitOnBTFFlagUntilTimeout)
    i.I2C_WaitOnFlagUntilTimeout             0x080035ec   Section        0  stm32f1xx_hal_i2c.o(i.I2C_WaitOnFlagUntilTimeout)
    I2C_WaitOnFlagUntilTimeout               0x080035ed   Thumb Code   144  stm32f1xx_hal_i2c.o(i.I2C_WaitOnFlagUntilTimeout)
    i.I2C_WaitOnMasterAddressFlagUntilTimeout 0x0800367c   Section        0  stm32f1xx_hal_i2c.o(i.I2C_WaitOnMasterAddressFlagUntilTimeout)
    I2C_WaitOnMasterAddressFlagUntilTimeout  0x0800367d   Thumb Code   188  stm32f1xx_hal_i2c.o(i.I2C_WaitOnMasterAddressFlagUntilTimeout)
    i.I2C_WaitOnTXEFlagUntilTimeout          0x08003738   Section        0  stm32f1xx_hal_i2c.o(i.I2C_WaitOnTXEFlagUntilTimeout)
    I2C_WaitOnTXEFlagUntilTimeout            0x08003739   Thumb Code    86  stm32f1xx_hal_i2c.o(i.I2C_WaitOnTXEFlagUntilTimeout)
    i.Instruction_GetSpeed                   0x08003790   Section        0  instruction_manager.o(i.Instruction_GetSpeed)
    i.Instruction_Init                       0x0800379c   Section        0  instruction_manager.o(i.Instruction_Init)
    i.Instruction_Loop                       0x080037c4   Section        0  instruction_manager.o(i.Instruction_Loop)
    i.Instruction_Parse                      0x08003800   Section        0  instruction_manager.o(i.Instruction_Parse)
    i.Instruction_SetMode                    0x080038b8   Section        0  instruction_manager.o(i.Instruction_SetMode)
    i.Instruction_SetSpeed                   0x080038c4   Section        0  instruction_manager.o(i.Instruction_SetSpeed)
    i.MCP4725_SetVoltage                     0x080038d0   Section        0  main.o(i.MCP4725_SetVoltage)
    i.MX_ADC1_Init                           0x08003938   Section        0  adc.o(i.MX_ADC1_Init)
    i.MX_GPIO_Init                           0x08003984   Section        0  gpio.o(i.MX_GPIO_Init)
    i.MX_I2C1_Init                           0x08003a54   Section        0  i2c.o(i.MX_I2C1_Init)
    i.MX_USART1_UART_Init                    0x08003a94   Section        0  usart.o(i.MX_USART1_UART_Init)
    i.MemManage_Handler                      0x08003acc   Section        0  stm32f1xx_it.o(i.MemManage_Handler)
    i.NMI_Handler                            0x08003ace   Section        0  stm32f1xx_it.o(i.NMI_Handler)
    i.Parse_Ramp_Time                        0x08003ad0   Section        0  cmd_ramp.o(i.Parse_Ramp_Time)
    Parse_Ramp_Time                          0x08003ad1   Thumb Code    28  cmd_ramp.o(i.Parse_Ramp_Time)
    i.PendSV_Handler                         0x08003af0   Section        0  stm32f1xx_it.o(i.PendSV_Handler)
    i.Ramp_Parse                             0x08003af4   Section        0  cmd_ramp.o(i.Ramp_Parse)
    i.Ramp_Stop                              0x08003c70   Section        0  cmd_ramp.o(i.Ramp_Stop)
    i.Ramp_Update                            0x08003c7c   Section        0  cmd_ramp.o(i.Ramp_Update)
    i.SVC_Handler                            0x08003cf4   Section        0  stm32f1xx_it.o(i.SVC_Handler)
    i.SelfTest_Parse                         0x08003cf8   Section        0  cmd_self_test.o(i.SelfTest_Parse)
    i.SelfTest_Run                           0x08003d2c   Section        0  cmd_self_test.o(i.SelfTest_Run)
    i.Start_Init                             0x08003f2c   Section        0  cmd_start.o(i.Start_Init)
    i.Start_Parse                            0x08003f3c   Section        0  cmd_start.o(i.Start_Parse)
    i.SysTick_Handler                        0x08003fc4   Section        0  stm32f1xx_it.o(i.SysTick_Handler)
    i.SystemClock_Config                     0x08003fc8   Section        0  main.o(i.SystemClock_Config)
    i.SystemInit                             0x0800403a   Section        0  system_stm32f1xx.o(i.SystemInit)
    i.Timer_Parse                            0x0800403c   Section        0  cmd_timer.o(i.Timer_Parse)
    i.Timer_Stop                             0x08004100   Section        0  cmd_timer.o(i.Timer_Stop)
    i.Timer_Update                           0x0800410c   Section        0  cmd_timer.o(i.Timer_Update)
    i.UART_DMAAbortOnError                   0x0800415c   Section        0  stm32f1xx_hal_uart.o(i.UART_DMAAbortOnError)
    UART_DMAAbortOnError                     0x0800415d   Thumb Code    16  stm32f1xx_hal_uart.o(i.UART_DMAAbortOnError)
    i.UART_EndRxTransfer                     0x0800416c   Section        0  stm32f1xx_hal_uart.o(i.UART_EndRxTransfer)
    UART_EndRxTransfer                       0x0800416d   Thumb Code    78  stm32f1xx_hal_uart.o(i.UART_EndRxTransfer)
    i.UART_Receive_IT                        0x080041ba   Section        0  stm32f1xx_hal_uart.o(i.UART_Receive_IT)
    UART_Receive_IT                          0x080041bb   Thumb Code   194  stm32f1xx_hal_uart.o(i.UART_Receive_IT)
    i.UART_SetConfig                         0x0800427c   Section        0  stm32f1xx_hal_uart.o(i.UART_SetConfig)
    UART_SetConfig                           0x0800427d   Thumb Code   178  stm32f1xx_hal_uart.o(i.UART_SetConfig)
    i.UART_Start_Receive_IT                  0x08004334   Section        0  stm32f1xx_hal_uart.o(i.UART_Start_Receive_IT)
    i.UART_WaitOnFlagUntilTimeout            0x0800436a   Section        0  stm32f1xx_hal_uart.o(i.UART_WaitOnFlagUntilTimeout)
    UART_WaitOnFlagUntilTimeout              0x0800436b   Thumb Code   114  stm32f1xx_hal_uart.o(i.UART_WaitOnFlagUntilTimeout)
    i.USART1_IRQHandler                      0x080043dc   Section        0  stm32f1xx_it.o(i.USART1_IRQHandler)
    i.UsageFault_Handler                     0x080043e8   Section        0  stm32f1xx_it.o(i.UsageFault_Handler)
    i.Verify_Step                            0x080043ec   Section        0  cmd_self_test.o(i.Verify_Step)
    Verify_Step                              0x080043ed   Thumb Code   226  cmd_self_test.o(i.Verify_Step)
    i.__0printf                              0x08004518   Section        0  printfa.o(i.__0printf)
    i.__NVIC_SetPriority                     0x08004538   Section        0  stm32f1xx_hal_cortex.o(i.__NVIC_SetPriority)
    __NVIC_SetPriority                       0x08004539   Thumb Code    32  stm32f1xx_hal_cortex.o(i.__NVIC_SetPriority)
    i.__mathlib_narrow                       0x08004558   Section        0  narrow.o(i.__mathlib_narrow)
    i.__mathlib_tofloat                      0x08004568   Section        0  narrow.o(i.__mathlib_tofloat)
    i.__read_errno                           0x08004624   Section        0  errno.o(i.__read_errno)
    i.__scatterload_copy                     0x08004630   Section       14  handlers.o(i.__scatterload_copy)
    i.__scatterload_null                     0x0800463e   Section        2  handlers.o(i.__scatterload_null)
    i.__scatterload_zeroinit                 0x08004640   Section       14  handlers.o(i.__scatterload_zeroinit)
    i.__set_errno                            0x08004650   Section        0  errno.o(i.__set_errno)
    i._fp_digits                             0x0800465c   Section        0  printfa.o(i._fp_digits)
    _fp_digits                               0x0800465d   Thumb Code   366  printfa.o(i._fp_digits)
    i._is_digit                              0x080047e0   Section        0  scanf_fp.o(i._is_digit)
    i._printf_core                           0x080047f0   Section        0  printfa.o(i._printf_core)
    _printf_core                             0x080047f1   Thumb Code  1744  printfa.o(i._printf_core)
    i._printf_post_padding                   0x08004ecc   Section        0  printfa.o(i._printf_post_padding)
    _printf_post_padding                     0x08004ecd   Thumb Code    36  printfa.o(i._printf_post_padding)
    i._printf_pre_padding                    0x08004ef0   Section        0  printfa.o(i._printf_pre_padding)
    _printf_pre_padding                      0x08004ef1   Thumb Code    46  printfa.o(i._printf_pre_padding)
    i.atof                                   0x08004f1e   Section        0  atof.o(i.atof)
    i.custom_stricmp                         0x08004f48   Section        0  instruction_manager.o(i.custom_stricmp)
    i.fputc                                  0x08004f7c   Section        0  main.o(i.fputc)
    i.frexp                                  0x08004f94   Section        0  frexp.o(i.frexp)
    i.main                                   0x08004fec   Section        0  main.o(i.main)
    i.strtof                                 0x0800507c   Section        0  strtof.o(i.strtof)
    .constdata                               0x08005090   Section       18  stm32f1xx_hal_rcc.o(.constdata)
    aPredivFactorTable                       0x08005090   Data           2  stm32f1xx_hal_rcc.o(.constdata)
    aPLLMULFactorTable                       0x08005092   Data          16  stm32f1xx_hal_rcc.o(.constdata)
    .constdata                               0x080050a2   Section       18  stm32f1xx_hal_rcc_ex.o(.constdata)
    aPredivFactorTable                       0x080050a2   Data           2  stm32f1xx_hal_rcc_ex.o(.constdata)
    aPLLMULFactorTable                       0x080050a4   Data          16  stm32f1xx_hal_rcc_ex.o(.constdata)
    .constdata                               0x080050b4   Section       16  system_stm32f1xx.o(.constdata)
    .constdata                               0x080050c4   Section        8  system_stm32f1xx.o(.constdata)
    .constdata                               0x080050cc   Section       80  calibration.o(.constdata)
    default_measured                         0x080050cc   Data          40  calibration.o(.constdata)
    default_commands                         0x080050f4   Data          40  calibration.o(.constdata)
    .constdata                               0x0800511c   Section       12  cmd_self_test.o(.constdata)
    .constdata                               0x08005128   Section      129  ctype_o.o(.constdata)
    .constdata                               0x080051ac   Section        4  ctype_o.o(.constdata)
    table                                    0x080051ac   Data           4  ctype_o.o(.constdata)
    .conststring                             0x080051b0   Section       69  cmd_help.o(.conststring)
    .data                                    0x20000000   Section        3  main.o(.data)
    .data                                    0x20000004   Section       12  stm32f1xx_hal.o(.data)
    .data                                    0x20000010   Section        4  system_stm32f1xx.o(.data)
    .data                                    0x20000014   Section        8  calibration.o(.data)
    active_count                             0x20000014   Data           4  calibration.o(.data)
    temp_count                               0x20000018   Data           4  calibration.o(.data)
    .data                                    0x2000001c   Section       12  instruction_manager.o(.data)
    global_mode                              0x2000001c   Data           1  instruction_manager.o(.data)
    current_speed                            0x20000020   Data           4  instruction_manager.o(.data)
    last_tick                                0x20000024   Data           4  instruction_manager.o(.data)
    .data                                    0x20000028   Section        8  cmd_cal.o(.data)
    cal_state                                0x20000028   Data           1  cmd_cal.o(.data)
    pending_cmd                              0x2000002c   Data           4  cmd_cal.o(.data)
    .data                                    0x20000030   Section        8  cmd_adc.o(.data)
    adc_enabled                              0x20000030   Data           1  cmd_adc.o(.data)
    last_print_tick                          0x20000034   Data           4  cmd_adc.o(.data)
    .data                                    0x20000038   Section       12  cmd_buzzer.o(.data)
    buzzer_state                             0x20000038   Data           1  cmd_buzzer.o(.data)
    buzzer_timer_active                      0x20000039   Data           1  cmd_buzzer.o(.data)
    buzzer_start_time                        0x2000003c   Data           4  cmd_buzzer.o(.data)
    buzzer_delay_ms                          0x20000040   Data           4  cmd_buzzer.o(.data)
    .data                                    0x20000044   Section        4  stdout.o(.data)
    .data                                    0x20000048   Section        4  errno.o(.data)
    _errno                                   0x20000048   Data           4  errno.o(.data)
    .bss                                     0x2000004c   Section       20  main.o(.bss)
    .bss                                     0x20000060   Section       48  adc.o(.bss)
    .bss                                     0x20000090   Section       84  i2c.o(.bss)
    .bss                                     0x200000e4   Section       72  usart.o(.bss)
    .bss                                     0x2000012c   Section      320  calibration.o(.bss)
    active_points                            0x2000012c   Data         160  calibration.o(.bss)
    temp_points                              0x200001cc   Data         160  calibration.o(.bss)
    .bss                                     0x2000026c   Section       20  cmd_ramp.o(.bss)
    ramp                                     0x2000026c   Data          20  cmd_ramp.o(.bss)
    .bss                                     0x20000280   Section       12  cmd_timer.o(.bss)
    timer                                    0x20000280   Data          12  cmd_timer.o(.bss)
    STACK                                    0x20000290   Section     1024  startup_stm32f103xb.o(STACK)

    Global Symbols

    Symbol Name                              Value     Ov Type        Size  Object(Section)

    BuildAttributes$$THM_ISAv4$P$D$K$B$S$PE$A:L22UL41UL21$X:L11$S22US41US21$IEEE1$IW$USESV6$~STKCKD$USESV7$~SHL$OTIME$ROPI$IEEEJ$EBA8$MICROLIB$REQ8$PRES8$EABIv2 0x00000000   Number         0  anon$$obj.o ABSOLUTE
    __ARM_use_no_argv                        0x00000000   Number         0  main.o ABSOLUTE
    _printf_a                                0x00000000   Number         0  stubs.o ABSOLUTE
    _printf_c                                0x00000000   Number         0  stubs.o ABSOLUTE
    _printf_charcount                        0x00000000   Number         0  stubs.o ABSOLUTE
    _printf_d                                0x00000000   Number         0  stubs.o ABSOLUTE
    _printf_e                                0x00000000   Number         0  stubs.o ABSOLUTE
    _printf_f                                0x00000000   Number         0  stubs.o ABSOLUTE
    _printf_flags                            0x00000000   Number         0  stubs.o ABSOLUTE
    _printf_fp_dec                           0x00000000   Number         0  stubs.o ABSOLUTE
    _printf_fp_hex                           0x00000000   Number         0  stubs.o ABSOLUTE
    _printf_g                                0x00000000   Number         0  stubs.o ABSOLUTE
    _printf_i                                0x00000000   Number         0  stubs.o ABSOLUTE
    _printf_int_dec                          0x00000000   Number         0  stubs.o ABSOLUTE
    _printf_l                                0x00000000   Number         0  stubs.o ABSOLUTE
    _printf_lc                               0x00000000   Number         0  stubs.o ABSOLUTE
    _printf_ll                               0x00000000   Number         0  stubs.o ABSOLUTE
    _printf_lld                              0x00000000   Number         0  stubs.o ABSOLUTE
    _printf_lli                              0x00000000   Number         0  stubs.o ABSOLUTE
    _printf_llo                              0x00000000   Number         0  stubs.o ABSOLUTE
    _printf_llu                              0x00000000   Number         0  stubs.o ABSOLUTE
    _printf_llx                              0x00000000   Number         0  stubs.o ABSOLUTE
    _printf_longlong_dec                     0x00000000   Number         0  stubs.o ABSOLUTE
    _printf_longlong_hex                     0x00000000   Number         0  stubs.o ABSOLUTE
    _printf_longlong_oct                     0x00000000   Number         0  stubs.o ABSOLUTE
    _printf_ls                               0x00000000   Number         0  stubs.o ABSOLUTE
    _printf_mbtowc                           0x00000000   Number         0  stubs.o ABSOLUTE
    _printf_n                                0x00000000   Number         0  stubs.o ABSOLUTE
    _printf_o                                0x00000000   Number         0  stubs.o ABSOLUTE
    _printf_p                                0x00000000   Number         0  stubs.o ABSOLUTE
    _printf_percent                          0x00000000   Number         0  stubs.o ABSOLUTE
    _printf_pre_padding                      0x00000000   Number         0  stubs.o ABSOLUTE
    _printf_return_value                     0x00000000   Number         0  stubs.o ABSOLUTE
    _printf_s                                0x00000000   Number         0  stubs.o ABSOLUTE
    _printf_sizespec                         0x00000000   Number         0  stubs.o ABSOLUTE
    _printf_str                              0x00000000   Number         0  stubs.o ABSOLUTE
    _printf_truncate_signed                  0x00000000   Number         0  stubs.o ABSOLUTE
    _printf_truncate_unsigned                0x00000000   Number         0  stubs.o ABSOLUTE
    _printf_u                                0x00000000   Number         0  stubs.o ABSOLUTE
    _printf_wc                               0x00000000   Number         0  stubs.o ABSOLUTE
    _printf_wctomb                           0x00000000   Number         0  stubs.o ABSOLUTE
    _printf_widthprec                        0x00000000   Number         0  stubs.o ABSOLUTE
    _printf_x                                0x00000000   Number         0  stubs.o ABSOLUTE
    __cpp_initialize__aeabi_                  - Undefined Weak Reference
    __cxa_finalize                            - Undefined Weak Reference
    __decompress                              - Undefined Weak Reference
    _clock_init                               - Undefined Weak Reference
    _microlib_exit                            - Undefined Weak Reference
    __Vectors_Size                           0x000000ec   Number         0  startup_stm32f103xb.o ABSOLUTE
    __Vectors                                0x08000000   Data           4  startup_stm32f103xb.o(RESET)
    __Vectors_End                            0x080000ec   Data           0  startup_stm32f103xb.o(RESET)
    __main                                   0x080000ed   Thumb Code     0  entry.o(.ARM.Collect$$$$00000000)
    _main_stk                                0x080000ed   Thumb Code     0  entry2.o(.ARM.Collect$$$$00000001)
    _main_scatterload                        0x080000f1   Thumb Code     0  entry5.o(.ARM.Collect$$$$00000004)
    __main_after_scatterload                 0x080000f5   Thumb Code     0  entry5.o(.ARM.Collect$$$$00000004)
    _main_clock                              0x080000f5   Thumb Code     0  entry7b.o(.ARM.Collect$$$$00000008)
    _main_cpp_init                           0x080000f5   Thumb Code     0  entry8b.o(.ARM.Collect$$$$0000000A)
    _main_init                               0x080000f5   Thumb Code     0  entry9a.o(.ARM.Collect$$$$0000000B)
    __rt_final_cpp                           0x080000fd   Thumb Code     0  entry10a.o(.ARM.Collect$$$$0000000D)
    __rt_final_exit                          0x080000fd   Thumb Code     0  entry11a.o(.ARM.Collect$$$$0000000F)
    Reset_Handler                            0x08000101   Thumb Code     8  startup_stm32f103xb.o(.text)
    ADC1_2_IRQHandler                        0x0800011b   Thumb Code     0  startup_stm32f103xb.o(.text)
    CAN1_RX1_IRQHandler                      0x0800011b   Thumb Code     0  startup_stm32f103xb.o(.text)
    CAN1_SCE_IRQHandler                      0x0800011b   Thumb Code     0  startup_stm32f103xb.o(.text)
    DMA1_Channel1_IRQHandler                 0x0800011b   Thumb Code     0  startup_stm32f103xb.o(.text)
    DMA1_Channel2_IRQHandler                 0x0800011b   Thumb Code     0  startup_stm32f103xb.o(.text)
    DMA1_Channel3_IRQHandler                 0x0800011b   Thumb Code     0  startup_stm32f103xb.o(.text)
    DMA1_Channel4_IRQHandler                 0x0800011b   Thumb Code     0  startup_stm32f103xb.o(.text)
    DMA1_Channel5_IRQHandler                 0x0800011b   Thumb Code     0  startup_stm32f103xb.o(.text)
    DMA1_Channel6_IRQHandler                 0x0800011b   Thumb Code     0  startup_stm32f103xb.o(.text)
    DMA1_Channel7_IRQHandler                 0x0800011b   Thumb Code     0  startup_stm32f103xb.o(.text)
    EXTI0_IRQHandler                         0x0800011b   Thumb Code     0  startup_stm32f103xb.o(.text)
    EXTI15_10_IRQHandler                     0x0800011b   Thumb Code     0  startup_stm32f103xb.o(.text)
    EXTI1_IRQHandler                         0x0800011b   Thumb Code     0  startup_stm32f103xb.o(.text)
    EXTI2_IRQHandler                         0x0800011b   Thumb Code     0  startup_stm32f103xb.o(.text)
    EXTI3_IRQHandler                         0x0800011b   Thumb Code     0  startup_stm32f103xb.o(.text)
    EXTI4_IRQHandler                         0x0800011b   Thumb Code     0  startup_stm32f103xb.o(.text)
    EXTI9_5_IRQHandler                       0x0800011b   Thumb Code     0  startup_stm32f103xb.o(.text)
    FLASH_IRQHandler                         0x0800011b   Thumb Code     0  startup_stm32f103xb.o(.text)
    I2C1_ER_IRQHandler                       0x0800011b   Thumb Code     0  startup_stm32f103xb.o(.text)
    I2C1_EV_IRQHandler                       0x0800011b   Thumb Code     0  startup_stm32f103xb.o(.text)
    I2C2_ER_IRQHandler                       0x0800011b   Thumb Code     0  startup_stm32f103xb.o(.text)
    I2C2_EV_IRQHandler                       0x0800011b   Thumb Code     0  startup_stm32f103xb.o(.text)
    PVD_IRQHandler                           0x0800011b   Thumb Code     0  startup_stm32f103xb.o(.text)
    RCC_IRQHandler                           0x0800011b   Thumb Code     0  startup_stm32f103xb.o(.text)
    RTC_Alarm_IRQHandler                     0x0800011b   Thumb Code     0  startup_stm32f103xb.o(.text)
    RTC_IRQHandler                           0x0800011b   Thumb Code     0  startup_stm32f103xb.o(.text)
    SPI1_IRQHandler                          0x0800011b   Thumb Code     0  startup_stm32f103xb.o(.text)
    SPI2_IRQHandler                          0x0800011b   Thumb Code     0  startup_stm32f103xb.o(.text)
    TAMPER_IRQHandler                        0x0800011b   Thumb Code     0  startup_stm32f103xb.o(.text)
    TIM1_BRK_IRQHandler                      0x0800011b   Thumb Code     0  startup_stm32f103xb.o(.text)
    TIM1_CC_IRQHandler                       0x0800011b   Thumb Code     0  startup_stm32f103xb.o(.text)
    TIM1_TRG_COM_IRQHandler                  0x0800011b   Thumb Code     0  startup_stm32f103xb.o(.text)
    TIM1_UP_IRQHandler                       0x0800011b   Thumb Code     0  startup_stm32f103xb.o(.text)
    TIM2_IRQHandler                          0x0800011b   Thumb Code     0  startup_stm32f103xb.o(.text)
    TIM3_IRQHandler                          0x0800011b   Thumb Code     0  startup_stm32f103xb.o(.text)
    TIM4_IRQHandler                          0x0800011b   Thumb Code     0  startup_stm32f103xb.o(.text)
    USART2_IRQHandler                        0x0800011b   Thumb Code     0  startup_stm32f103xb.o(.text)
    USART3_IRQHandler                        0x0800011b   Thumb Code     0  startup_stm32f103xb.o(.text)
    USBWakeUp_IRQHandler                     0x0800011b   Thumb Code     0  startup_stm32f103xb.o(.text)
    USB_HP_CAN1_TX_IRQHandler                0x0800011b   Thumb Code     0  startup_stm32f103xb.o(.text)
    USB_LP_CAN1_RX0_IRQHandler               0x0800011b   Thumb Code     0  startup_stm32f103xb.o(.text)
    WWDG_IRQHandler                          0x0800011b   Thumb Code     0  startup_stm32f103xb.o(.text)
    __aeabi_llsr                             0x08000125   Thumb Code    32  llushr.o(.text)
    _ll_ushift_r                             0x08000125   Thumb Code     0  llushr.o(.text)
    __rt_ctype_table                         0x08000145   Thumb Code     4  ctype_o.o(.text)
    isspace                                  0x0800014d   Thumb Code    18  isspace_o.o(.text)
    tolower                                  0x0800015f   Thumb Code    12  tolower.o(.text)
    __aeabi_memset                           0x0800016b   Thumb Code    14  memseta.o(.text)
    __aeabi_memset4                          0x0800016b   Thumb Code     0  memseta.o(.text)
    __aeabi_memset8                          0x0800016b   Thumb Code     0  memseta.o(.text)
    __aeabi_memclr                           0x08000179   Thumb Code     4  memseta.o(.text)
    __aeabi_memclr4                          0x08000179   Thumb Code     0  memseta.o(.text)
    __aeabi_memclr8                          0x08000179   Thumb Code     0  memseta.o(.text)
    _memset$wrapper                          0x0800017d   Thumb Code    18  memseta.o(.text)
    strchr                                   0x0800018f   Thumb Code    20  strchr.o(.text)
    strlen                                   0x080001a3   Thumb Code    14  strlen.o(.text)
    strncmp                                  0x080001b1   Thumb Code    30  strncmp.o(.text)
    strpbrk                                  0x080001cf   Thumb Code    32  strpbrk.o(.text)
    strcasecmp                               0x080001ef   Thumb Code    42  strcasecmp.o(.text)
    __aeabi_fadd                             0x08000219   Thumb Code   164  fadd.o(.text)
    __aeabi_fsub                             0x080002bd   Thumb Code     6  fadd.o(.text)
    __aeabi_frsub                            0x080002c3   Thumb Code     6  fadd.o(.text)
    __aeabi_fmul                             0x080002c9   Thumb Code   100  fmul.o(.text)
    __aeabi_fdiv                             0x0800032d   Thumb Code   124  fdiv.o(.text)
    __ARM_scalbnf                            0x080003a9   Thumb Code    24  fscalb.o(.text)
    scalbnf                                  0x080003a9   Thumb Code     0  fscalb.o(.text)
    __aeabi_ui2f                             0x080003c1   Thumb Code    10  ffltui.o(.text)
    __aeabi_f2uiz                            0x080003cb   Thumb Code    40  ffixui.o(.text)
    __aeabi_f2d                              0x080003f3   Thumb Code    38  f2d.o(.text)
    __aeabi_d2f                              0x08000419   Thumb Code    56  d2f.o(.text)
    __aeabi_cfcmpeq                          0x08000451   Thumb Code     0  cfcmple.o(.text)
    __aeabi_cfcmple                          0x08000451   Thumb Code    20  cfcmple.o(.text)
    __aeabi_cfrcmple                         0x08000465   Thumb Code    20  cfrcmple.o(.text)
    __aeabi_uidiv                            0x08000479   Thumb Code     0  uidiv.o(.text)
    __aeabi_uidivmod                         0x08000479   Thumb Code    44  uidiv.o(.text)
    __aeabi_uldivmod                         0x080004a5   Thumb Code    98  uldiv.o(.text)
    __strtod_int                             0x0800053f   Thumb Code    90  strtod.o(.text)
    __strtof_int                             0x080005a5   Thumb Code    26  strtof.o(.text)
    __I$use$fp                               0x080005bf   Thumb Code     0  iusefp.o(.text)
    _float_round                             0x080005bf   Thumb Code    18  fepilogue.o(.text)
    _float_epilogue                          0x080005d1   Thumb Code    92  fepilogue.o(.text)
    __aeabi_dadd                             0x0800062d   Thumb Code   322  dadd.o(.text)
    __aeabi_dsub                             0x0800076f   Thumb Code     6  dadd.o(.text)
    __aeabi_drsub                            0x08000775   Thumb Code     6  dadd.o(.text)
    __aeabi_dmul                             0x0800077b   Thumb Code   228  dmul.o(.text)
    __aeabi_ddiv                             0x0800085f   Thumb Code   222  ddiv.o(.text)
    __aeabi_d2ulz                            0x0800093d   Thumb Code    48  dfixul.o(.text)
    __aeabi_cdrcmple                         0x0800096d   Thumb Code    48  cdrcmple.o(.text)
    __scatterload                            0x0800099d   Thumb Code    28  init.o(.text)
    __scatterload_rt2                        0x0800099d   Thumb Code     0  init.o(.text)
    __aeabi_llsl                             0x080009c1   Thumb Code    30  llshl.o(.text)
    _ll_shift_l                              0x080009c1   Thumb Code     0  llshl.o(.text)
    __aeabi_lasr                             0x080009df   Thumb Code    36  llsshr.o(.text)
    _ll_sshift_r                             0x080009df   Thumb Code     0  llsshr.o(.text)
    _scanf_real                              0x08000b2d   Thumb Code     0  scanf_fp.o(.text)
    _scanf_really_real                       0x08000b2d   Thumb Code   556  scanf_fp.o(.text)
    _sgetc                                   0x08000d65   Thumb Code    30  _sgetc.o(.text)
    _sbackspace                              0x08000d83   Thumb Code    34  _sgetc.o(.text)
    _double_round                            0x08000da5   Thumb Code    30  depilogue.o(.text)
    _double_epilogue                         0x08000dc3   Thumb Code   156  depilogue.o(.text)
    __aeabi_ul2d                             0x08000e5f   Thumb Code    24  dfltul.o(.text)
    __aeabi_cdcmpeq                          0x08000e79   Thumb Code     0  cdcmple.o(.text)
    __aeabi_cdcmple                          0x08000e79   Thumb Code    48  cdcmple.o(.text)
    __fp_status                              0x08000ea9   Thumb Code     4  fpstat.o(.text)
    __ieee_status                            0x08000ea9   Thumb Code     0  fpstat.o(.text)
    __ARM_scalbn                             0x08000ead   Thumb Code    46  dscalb.o(.text)
    scalbn                                   0x08000ead   Thumb Code     0  dscalb.o(.text)
    ADC_ConversionStop_Disable               0x08000edd   Thumb Code    86  stm32f1xx_hal_adc.o(i.ADC_ConversionStop_Disable)
    ADC_Enable                               0x08000f35   Thumb Code   114  stm32f1xx_hal_adc.o(i.ADC_Enable)
    ADC_Parse                                0x08000fb1   Thumb Code    54  cmd_adc.o(i.ADC_Parse)
    ADC_Update                               0x0800102d   Thumb Code    90  cmd_adc.o(i.ADC_Update)
    Basic_Parse                              0x080010f5   Thumb Code   118  cmd_basic.o(i.Basic_Parse)
    BusFault_Handler                         0x080011a1   Thumb Code     2  stm32f1xx_it.o(i.BusFault_Handler)
    Buzzer_Init                              0x080011a5   Thumb Code    68  cmd_buzzer.o(i.Buzzer_Init)
    Buzzer_Parse                             0x080011f5   Thumb Code   166  cmd_buzzer.o(i.Buzzer_Parse)
    Buzzer_Update                            0x0800131d   Thumb Code    56  cmd_buzzer.o(i.Buzzer_Update)
    Cal_End                                  0x0800135d   Thumb Code    18  cmd_cal.o(i.Cal_End)
    Cal_Process                              0x0800138d   Thumb Code    52  cmd_cal.o(i.Cal_Process)
    Cal_Start                                0x08001419   Thumb Code    22  cmd_cal.o(i.Cal_Start)
    Calibration_AddPoint                     0x0800145d   Thumb Code    34  calibration.o(i.Calibration_AddPoint)
    Calibration_End                          0x08001489   Thumb Code   128  calibration.o(i.Calibration_End)
    Calibration_GetCorrectedValue            0x08001511   Thumb Code   232  calibration.o(i.Calibration_GetCorrectedValue)
    Calibration_Init                         0x08001605   Thumb Code    46  calibration.o(i.Calibration_Init)
    Calibration_Start                        0x08001641   Thumb Code    12  calibration.o(i.Calibration_Start)
    DebugMon_Handler                         0x08001651   Thumb Code     2  stm32f1xx_it.o(i.DebugMon_Handler)
    Direction_Init                           0x08001655   Thumb Code    12  cmd_direction.o(i.Direction_Init)
    Direction_Parse                          0x08001665   Thumb Code   110  cmd_direction.o(i.Direction_Parse)
    Error_Handler                            0x0800174d   Thumb Code     4  main.o(i.Error_Handler)
    HAL_ADC_ConfigChannel                    0x080017b5   Thumb Code   240  stm32f1xx_hal_adc.o(i.HAL_ADC_ConfigChannel)
    HAL_ADC_GetValue                         0x080018b1   Thumb Code     6  stm32f1xx_hal_adc.o(i.HAL_ADC_GetValue)
    HAL_ADC_Init                             0x080018b9   Thumb Code   272  stm32f1xx_hal_adc.o(i.HAL_ADC_Init)
    HAL_ADC_MspInit                          0x080019d5   Thumb Code    76  adc.o(i.HAL_ADC_MspInit)
    HAL_ADC_PollForConversion                0x08001a2d   Thumb Code   304  stm32f1xx_hal_adc.o(i.HAL_ADC_PollForConversion)
    HAL_ADC_Start                            0x08001b69   Thumb Code   184  stm32f1xx_hal_adc.o(i.HAL_ADC_Start)
    HAL_ADC_Stop                             0x08001c29   Thumb Code    52  stm32f1xx_hal_adc.o(i.HAL_ADC_Stop)
    HAL_DMA_Abort                            0x08001c5d   Thumb Code    70  stm32f1xx_hal_dma.o(i.HAL_DMA_Abort)
    HAL_DMA_Abort_IT                         0x08001ca5   Thumb Code   148  stm32f1xx_hal_dma.o(i.HAL_DMA_Abort_IT)
    HAL_Delay                                0x08001d3d   Thumb Code    32  stm32f1xx_hal.o(i.HAL_Delay)
    HAL_GPIO_Init                            0x08001d61   Thumb Code   446  stm32f1xx_hal_gpio.o(i.HAL_GPIO_Init)
    HAL_GPIO_ReadPin                         0x08001f41   Thumb Code    10  stm32f1xx_hal_gpio.o(i.HAL_GPIO_ReadPin)
    HAL_GPIO_TogglePin                       0x08001f4b   Thumb Code    16  stm32f1xx_hal_gpio.o(i.HAL_GPIO_TogglePin)
    HAL_GPIO_WritePin                        0x08001f5b   Thumb Code    10  stm32f1xx_hal_gpio.o(i.HAL_GPIO_WritePin)
    HAL_GetTick                              0x08001f65   Thumb Code     6  stm32f1xx_hal.o(i.HAL_GetTick)
    HAL_I2C_Init                             0x08001f71   Thumb Code   376  stm32f1xx_hal_i2c.o(i.HAL_I2C_Init)
    HAL_I2C_Master_Transmit                  0x080020f9   Thumb Code   290  stm32f1xx_hal_i2c.o(i.HAL_I2C_Master_Transmit)
    HAL_I2C_MspInit                          0x08002225   Thumb Code    80  i2c.o(i.HAL_I2C_MspInit)
    HAL_IncTick                              0x08002281   Thumb Code    12  stm32f1xx_hal.o(i.HAL_IncTick)
    HAL_Init                                 0x08002291   Thumb Code    32  stm32f1xx_hal.o(i.HAL_Init)
    HAL_InitTick                             0x080022b5   Thumb Code    54  stm32f1xx_hal.o(i.HAL_InitTick)
    HAL_MspInit                              0x080022f5   Thumb Code    52  stm32f1xx_hal_msp.o(i.HAL_MspInit)
    HAL_NVIC_EnableIRQ                       0x08002331   Thumb Code    26  stm32f1xx_hal_cortex.o(i.HAL_NVIC_EnableIRQ)
    HAL_NVIC_SetPriority                     0x0800234d   Thumb Code    60  stm32f1xx_hal_cortex.o(i.HAL_NVIC_SetPriority)
    HAL_NVIC_SetPriorityGrouping             0x0800238d   Thumb Code    26  stm32f1xx_hal_cortex.o(i.HAL_NVIC_SetPriorityGrouping)
    HAL_RCCEx_GetPeriphCLKFreq               0x080023b1   Thumb Code   148  stm32f1xx_hal_rcc_ex.o(i.HAL_RCCEx_GetPeriphCLKFreq)
    HAL_RCCEx_PeriphCLKConfig                0x08002455   Thumb Code   224  stm32f1xx_hal_rcc_ex.o(i.HAL_RCCEx_PeriphCLKConfig)
    HAL_RCC_ClockConfig                      0x08002541   Thumb Code   280  stm32f1xx_hal_rcc.o(i.HAL_RCC_ClockConfig)
    HAL_RCC_GetPCLK1Freq                     0x0800266d   Thumb Code    20  stm32f1xx_hal_rcc.o(i.HAL_RCC_GetPCLK1Freq)
    HAL_RCC_GetPCLK2Freq                     0x0800268d   Thumb Code    20  stm32f1xx_hal_rcc.o(i.HAL_RCC_GetPCLK2Freq)
    HAL_RCC_GetSysClockFreq                  0x080026ad   Thumb Code    58  stm32f1xx_hal_rcc.o(i.HAL_RCC_GetSysClockFreq)
    HAL_RCC_OscConfig                        0x080026f9   Thumb Code   778  stm32f1xx_hal_rcc.o(i.HAL_RCC_OscConfig)
    HAL_SYSTICK_Config                       0x08002a19   Thumb Code    40  stm32f1xx_hal_cortex.o(i.HAL_SYSTICK_Config)
    HAL_UARTEx_RxEventCallback               0x08002a41   Thumb Code     2  stm32f1xx_hal_uart.o(i.HAL_UARTEx_RxEventCallback)
    HAL_UART_ErrorCallback                   0x08002a43   Thumb Code     2  stm32f1xx_hal_uart.o(i.HAL_UART_ErrorCallback)
    HAL_UART_IRQHandler                      0x08002a45   Thumb Code   616  stm32f1xx_hal_uart.o(i.HAL_UART_IRQHandler)
    HAL_UART_Init                            0x08002cb1   Thumb Code   100  stm32f1xx_hal_uart.o(i.HAL_UART_Init)
    HAL_UART_MspInit                         0x08002d15   Thumb Code   116  usart.o(i.HAL_UART_MspInit)
    HAL_UART_Receive_IT                      0x08002d95   Thumb Code    28  stm32f1xx_hal_uart.o(i.HAL_UART_Receive_IT)
    HAL_UART_RxCpltCallback                  0x08002db1   Thumb Code    66  main.o(i.HAL_UART_RxCpltCallback)
    HAL_UART_Transmit                        0x08002e05   Thumb Code   160  stm32f1xx_hal_uart.o(i.HAL_UART_Transmit)
    HAL_UART_TxCpltCallback                  0x08002ea5   Thumb Code     2  stm32f1xx_hal_uart.o(i.HAL_UART_TxCpltCallback)
    HardFault_Handler                        0x08002ea7   Thumb Code     2  stm32f1xx_it.o(i.HardFault_Handler)
    Help_Parse                               0x08002ea9   Thumb Code  1270  cmd_help.o(i.Help_Parse)
    Instruction_GetSpeed                     0x08003791   Thumb Code     6  instruction_manager.o(i.Instruction_GetSpeed)
    Instruction_Init                         0x0800379d   Thumb Code    36  instruction_manager.o(i.Instruction_Init)
    Instruction_Loop                         0x080037c5   Thumb Code    56  instruction_manager.o(i.Instruction_Loop)
    Instruction_Parse                        0x08003801   Thumb Code   160  instruction_manager.o(i.Instruction_Parse)
    Instruction_SetMode                      0x080038b9   Thumb Code     6  instruction_manager.o(i.Instruction_SetMode)
    Instruction_SetSpeed                     0x080038c5   Thumb Code     6  instruction_manager.o(i.Instruction_SetSpeed)
    MCP4725_SetVoltage                       0x080038d1   Thumb Code    64  main.o(i.MCP4725_SetVoltage)
    MX_ADC1_Init                             0x08003939   Thumb Code    68  adc.o(i.MX_ADC1_Init)
    MX_GPIO_Init                             0x08003985   Thumb Code   192  gpio.o(i.MX_GPIO_Init)
    MX_I2C1_Init                             0x08003a55   Thumb Code    50  i2c.o(i.MX_I2C1_Init)
    MX_USART1_UART_Init                      0x08003a95   Thumb Code    48  usart.o(i.MX_USART1_UART_Init)
    MemManage_Handler                        0x08003acd   Thumb Code     2  stm32f1xx_it.o(i.MemManage_Handler)
    NMI_Handler                              0x08003acf   Thumb Code     2  stm32f1xx_it.o(i.NMI_Handler)
    PendSV_Handler                           0x08003af1   Thumb Code     2  stm32f1xx_it.o(i.PendSV_Handler)
    Ramp_Parse                               0x08003af5   Thumb Code   284  cmd_ramp.o(i.Ramp_Parse)
    Ramp_Stop                                0x08003c71   Thumb Code     8  cmd_ramp.o(i.Ramp_Stop)
    Ramp_Update                              0x08003c7d   Thumb Code   100  cmd_ramp.o(i.Ramp_Update)
    SVC_Handler                              0x08003cf5   Thumb Code     2  stm32f1xx_it.o(i.SVC_Handler)
    SelfTest_Parse                           0x08003cf9   Thumb Code    34  cmd_self_test.o(i.SelfTest_Parse)
    SelfTest_Run                             0x08003d2d   Thumb Code   258  cmd_self_test.o(i.SelfTest_Run)
    Start_Init                               0x08003f2d   Thumb Code    10  cmd_start.o(i.Start_Init)
    Start_Parse                              0x08003f3d   Thumb Code    66  cmd_start.o(i.Start_Parse)
    SysTick_Handler                          0x08003fc5   Thumb Code     4  stm32f1xx_it.o(i.SysTick_Handler)
    SystemClock_Config                       0x08003fc9   Thumb Code   114  main.o(i.SystemClock_Config)
    SystemInit                               0x0800403b   Thumb Code     2  system_stm32f1xx.o(i.SystemInit)
    Timer_Parse                              0x0800403d   Thumb Code   148  cmd_timer.o(i.Timer_Parse)
    Timer_Stop                               0x08004101   Thumb Code     8  cmd_timer.o(i.Timer_Stop)
    Timer_Update                             0x0800410d   Thumb Code    42  cmd_timer.o(i.Timer_Update)
    UART_Start_Receive_IT                    0x08004335   Thumb Code    54  stm32f1xx_hal_uart.o(i.UART_Start_Receive_IT)
    USART1_IRQHandler                        0x080043dd   Thumb Code     6  stm32f1xx_it.o(i.USART1_IRQHandler)
    UsageFault_Handler                       0x080043e9   Thumb Code     2  stm32f1xx_it.o(i.UsageFault_Handler)
    __0printf                                0x08004519   Thumb Code    22  printfa.o(i.__0printf)
    __1printf                                0x08004519   Thumb Code     0  printfa.o(i.__0printf)
    __2printf                                0x08004519   Thumb Code     0  printfa.o(i.__0printf)
    __c89printf                              0x08004519   Thumb Code     0  printfa.o(i.__0printf)
    printf                                   0x08004519   Thumb Code     0  printfa.o(i.__0printf)
    __mathlib_narrow                         0x08004559   Thumb Code    16  narrow.o(i.__mathlib_narrow)
    __mathlib_tofloat                        0x08004569   Thumb Code   184  narrow.o(i.__mathlib_tofloat)
    __read_errno                             0x08004625   Thumb Code     6  errno.o(i.__read_errno)
    __scatterload_copy                       0x08004631   Thumb Code    14  handlers.o(i.__scatterload_copy)
    __scatterload_null                       0x0800463f   Thumb Code     2  handlers.o(i.__scatterload_null)
    __scatterload_zeroinit                   0x08004641   Thumb Code    14  handlers.o(i.__scatterload_zeroinit)
    __set_errno                              0x08004651   Thumb Code     6  errno.o(i.__set_errno)
    _is_digit                                0x080047e1   Thumb Code    14  scanf_fp.o(i._is_digit)
    atof                                     0x08004f1f   Thumb Code    42  atof.o(i.atof)
    custom_stricmp                           0x08004f49   Thumb Code    50  instruction_manager.o(i.custom_stricmp)
    fputc                                    0x08004f7d   Thumb Code    18  main.o(i.fputc)
    frexp                                    0x08004f95   Thumb Code    80  frexp.o(i.frexp)
    main                                     0x08004fed   Thumb Code    78  main.o(i.main)
    strtof                                   0x0800507d   Thumb Code    20  strtof.o(i.strtof)
    AHBPrescTable                            0x080050b4   Data          16  system_stm32f1xx.o(.constdata)
    APBPrescTable                            0x080050c4   Data           8  system_stm32f1xx.o(.constdata)
    __ctype_table                            0x08005128   Data         129  ctype_o.o(.constdata)
    Region$$Table$$Base                      0x080051f8   Number         0  anon$$obj.o(Region$$Table)
    Region$$Table$$Limit                     0x08005218   Number         0  anon$$obj.o(Region$$Table)
    rx_index                                 0x20000000   Data           1  main.o(.data)
    cmd_received                             0x20000001   Data           1  main.o(.data)
    rx_data                                  0x20000002   Data           1  main.o(.data)
    uwTickFreq                               0x20000004   Data           1  stm32f1xx_hal.o(.data)
    uwTickPrio                               0x20000008   Data           4  stm32f1xx_hal.o(.data)
    uwTick                                   0x2000000c   Data           4  stm32f1xx_hal.o(.data)
    SystemCoreClock                          0x20000010   Data           4  system_stm32f1xx.o(.data)
    __stdout                                 0x20000044   Data           4  stdout.o(.data)
    rx_buffer                                0x2000004c   Data          20  main.o(.bss)
    hadc1                                    0x20000060   Data          48  adc.o(.bss)
    hi2c1                                    0x20000090   Data          84  i2c.o(.bss)
    huart1                                   0x200000e4   Data          72  usart.o(.bss)
    __initial_sp                             0x20000690   Data           0  startup_stm32f103xb.o(STACK)



==============================================================================

Memory Map of the image

  Image Entry point : 0x080000ed

  Load Region LR_IROM1 (Base: 0x08000000, Size: 0x00005264, Max: 0x00010000, ABSOLUTE)

    Execution Region ER_IROM1 (Exec base: 0x08000000, Load base: 0x08000000, Size: 0x00005218, Max: 0x00010000, ABSOLUTE)

    Exec Addr    Load Addr    Size         Type   Attr      Idx    E Section Name        Object

    0x08000000   0x08000000   0x000000ec   Data   RO            3    RESET               startup_stm32f103xb.o
    0x080000ec   0x080000ec   0x00000000   Code   RO         3081  * .ARM.Collect$$$$00000000  mc_w.l(entry.o)
    0x080000ec   0x080000ec   0x00000004   Code   RO         3409    .ARM.Collect$$$$00000001  mc_w.l(entry2.o)
    0x080000f0   0x080000f0   0x00000004   Code   RO         3412    .ARM.Collect$$$$00000004  mc_w.l(entry5.o)
    0x080000f4   0x080000f4   0x00000000   Code   RO         3414    .ARM.Collect$$$$00000008  mc_w.l(entry7b.o)
    0x080000f4   0x080000f4   0x00000000   Code   RO         3416    .ARM.Collect$$$$0000000A  mc_w.l(entry8b.o)
    0x080000f4   0x080000f4   0x00000008   Code   RO         3417    .ARM.Collect$$$$0000000B  mc_w.l(entry9a.o)
    0x080000fc   0x080000fc   0x00000000   Code   RO         3419    .ARM.Collect$$$$0000000D  mc_w.l(entry10a.o)
    0x080000fc   0x080000fc   0x00000000   Code   RO         3421    .ARM.Collect$$$$0000000F  mc_w.l(entry11a.o)
    0x080000fc   0x080000fc   0x00000004   Code   RO         3410    .ARM.Collect$$$$00002712  mc_w.l(entry2.o)
    0x08000100   0x08000100   0x00000024   Code   RO            4    .text               startup_stm32f103xb.o
    0x08000124   0x08000124   0x00000020   Code   RO         3084    .text               mc_w.l(llushr.o)
    0x08000144   0x08000144   0x00000008   Code   RO         3086    .text               mc_w.l(ctype_o.o)
    0x0800014c   0x0800014c   0x00000012   Code   RO         3108    .text               mc_w.l(isspace_o.o)
    0x0800015e   0x0800015e   0x0000000c   Code   RO         3114    .text               mc_w.l(tolower.o)
    0x0800016a   0x0800016a   0x00000024   Code   RO         3116    .text               mc_w.l(memseta.o)
    0x0800018e   0x0800018e   0x00000014   Code   RO         3118    .text               mc_w.l(strchr.o)
    0x080001a2   0x080001a2   0x0000000e   Code   RO         3120    .text               mc_w.l(strlen.o)
    0x080001b0   0x080001b0   0x0000001e   Code   RO         3122    .text               mc_w.l(strncmp.o)
    0x080001ce   0x080001ce   0x00000020   Code   RO         3124    .text               mc_w.l(strpbrk.o)
    0x080001ee   0x080001ee   0x0000002a   Code   RO         3126    .text               mc_w.l(strcasecmp.o)
    0x08000218   0x08000218   0x000000b0   Code   RO         3389    .text               mf_w.l(fadd.o)
    0x080002c8   0x080002c8   0x00000064   Code   RO         3391    .text               mf_w.l(fmul.o)
    0x0800032c   0x0800032c   0x0000007c   Code   RO         3393    .text               mf_w.l(fdiv.o)
    0x080003a8   0x080003a8   0x00000018   Code   RO         3395    .text               mf_w.l(fscalb.o)
    0x080003c0   0x080003c0   0x0000000a   Code   RO         3397    .text               mf_w.l(ffltui.o)
    0x080003ca   0x080003ca   0x00000028   Code   RO         3399    .text               mf_w.l(ffixui.o)
    0x080003f2   0x080003f2   0x00000026   Code   RO         3401    .text               mf_w.l(f2d.o)
    0x08000418   0x08000418   0x00000038   Code   RO         3403    .text               mf_w.l(d2f.o)
    0x08000450   0x08000450   0x00000014   Code   RO         3405    .text               mf_w.l(cfcmple.o)
    0x08000464   0x08000464   0x00000014   Code   RO         3407    .text               mf_w.l(cfrcmple.o)
    0x08000478   0x08000478   0x0000002c   Code   RO         3424    .text               mc_w.l(uidiv.o)
    0x080004a4   0x080004a4   0x00000062   Code   RO         3426    .text               mc_w.l(uldiv.o)
    0x08000506   0x08000506   0x00000002   PAD
    0x08000508   0x08000508   0x0000009c   Code   RO         3435    .text               mc_w.l(strtod.o)
    0x080005a4   0x080005a4   0x0000001a   Code   RO         3437    .text               mc_w.l(strtof.o)
    0x080005be   0x080005be   0x00000000   Code   RO         3439    .text               mc_w.l(iusefp.o)
    0x080005be   0x080005be   0x0000006e   Code   RO         3440    .text               mf_w.l(fepilogue.o)
    0x0800062c   0x0800062c   0x0000014e   Code   RO         3442    .text               mf_w.l(dadd.o)
    0x0800077a   0x0800077a   0x000000e4   Code   RO         3444    .text               mf_w.l(dmul.o)
    0x0800085e   0x0800085e   0x000000de   Code   RO         3446    .text               mf_w.l(ddiv.o)
    0x0800093c   0x0800093c   0x00000030   Code   RO         3448    .text               mf_w.l(dfixul.o)
    0x0800096c   0x0800096c   0x00000030   Code   RO         3450    .text               mf_w.l(cdrcmple.o)
    0x0800099c   0x0800099c   0x00000024   Code   RO         3458    .text               mc_w.l(init.o)
    0x080009c0   0x080009c0   0x0000001e   Code   RO         3460    .text               mc_w.l(llshl.o)
    0x080009de   0x080009de   0x00000024   Code   RO         3462    .text               mc_w.l(llsshr.o)
    0x08000a02   0x08000a02   0x00000002   PAD
    0x08000a04   0x08000a04   0x00000360   Code   RO         3466    .text               mc_w.l(scanf_fp.o)
    0x08000d64   0x08000d64   0x00000040   Code   RO         3470    .text               mc_w.l(_sgetc.o)
    0x08000da4   0x08000da4   0x000000ba   Code   RO         3472    .text               mf_w.l(depilogue.o)
    0x08000e5e   0x08000e5e   0x00000018   Code   RO         3481    .text               mf_w.l(dfltul.o)
    0x08000e76   0x08000e76   0x00000002   PAD
    0x08000e78   0x08000e78   0x00000030   Code   RO         3483    .text               mf_w.l(cdcmple.o)
    0x08000ea8   0x08000ea8   0x00000004   Code   RO         3485    .text               mf_w.l(fpstat.o)
    0x08000eac   0x08000eac   0x0000002e   Code   RO         3487    .text               mf_w.l(dscalb.o)
    0x08000eda   0x08000eda   0x00000002   PAD
    0x08000edc   0x08000edc   0x00000056   Code   RO          488    i.ADC_ConversionStop_Disable  stm32f1xx_hal_adc.o
    0x08000f32   0x08000f32   0x00000002   PAD
    0x08000f34   0x08000f34   0x0000007c   Code   RO          492    i.ADC_Enable        stm32f1xx_hal_adc.o
    0x08000fb0   0x08000fb0   0x0000007c   Code   RO         2947    i.ADC_Parse         cmd_adc.o
    0x0800102c   0x0800102c   0x00000090   Code   RO         2948    i.ADC_Update        cmd_adc.o
    0x080010bc   0x080010bc   0x00000038   Code   RO         2622    i.Apply_Physical_Output  instruction_manager.o
    0x080010f4   0x080010f4   0x000000ac   Code   RO         2725    i.Basic_Parse       cmd_basic.o
    0x080011a0   0x080011a0   0x00000002   Code   RO          346    i.BusFault_Handler  stm32f1xx_it.o
    0x080011a2   0x080011a2   0x00000002   PAD
    0x080011a4   0x080011a4   0x00000050   Code   RO         2980    i.Buzzer_Init       cmd_buzzer.o
    0x080011f4   0x080011f4   0x00000128   Code   RO         2982    i.Buzzer_Parse      cmd_buzzer.o
    0x0800131c   0x0800131c   0x00000040   Code   RO         2984    i.Buzzer_Update     cmd_buzzer.o
    0x0800135c   0x0800135c   0x00000030   Code   RO         2747    i.Cal_End           cmd_cal.o
    0x0800138c   0x0800138c   0x0000008c   Code   RO         2748    i.Cal_Process       cmd_cal.o
    0x08001418   0x08001418   0x00000044   Code   RO         2749    i.Cal_Start         cmd_cal.o
    0x0800145c   0x0800145c   0x0000002c   Code   RO         2576    i.Calibration_AddPoint  calibration.o
    0x08001488   0x08001488   0x00000088   Code   RO         2577    i.Calibration_End   calibration.o
    0x08001510   0x08001510   0x000000f4   Code   RO         2578    i.Calibration_GetCorrectedValue  calibration.o
    0x08001604   0x08001604   0x0000003c   Code   RO         2579    i.Calibration_Init  calibration.o
    0x08001640   0x08001640   0x00000010   Code   RO         2580    i.Calibration_Start  calibration.o
    0x08001650   0x08001650   0x00000002   Code   RO          347    i.DebugMon_Handler  stm32f1xx_it.o
    0x08001652   0x08001652   0x00000002   PAD
    0x08001654   0x08001654   0x00000010   Code   RO         2887    i.Direction_Init    cmd_direction.o
    0x08001664   0x08001664   0x000000e8   Code   RO         2888    i.Direction_Parse   cmd_direction.o
    0x0800174c   0x0800174c   0x00000004   Code   RO           13    i.Error_Handler     main.o
    0x08001750   0x08001750   0x00000064   Code   RO         3035    i.Get_Average_Voltage  cmd_self_test.o
    0x080017b4   0x080017b4   0x000000fc   Code   RO          494    i.HAL_ADC_ConfigChannel  stm32f1xx_hal_adc.o
    0x080018b0   0x080018b0   0x00000006   Code   RO          501    i.HAL_ADC_GetValue  stm32f1xx_hal_adc.o
    0x080018b6   0x080018b6   0x00000002   PAD
    0x080018b8   0x080018b8   0x0000011c   Code   RO          503    i.HAL_ADC_Init      stm32f1xx_hal_adc.o
    0x080019d4   0x080019d4   0x00000058   Code   RO          221    i.HAL_ADC_MspInit   adc.o
    0x08001a2c   0x08001a2c   0x0000013c   Code   RO          507    i.HAL_ADC_PollForConversion  stm32f1xx_hal_adc.o
    0x08001b68   0x08001b68   0x000000c0   Code   RO          509    i.HAL_ADC_Start     stm32f1xx_hal_adc.o
    0x08001c28   0x08001c28   0x00000034   Code   RO          512    i.HAL_ADC_Stop      stm32f1xx_hal_adc.o
    0x08001c5c   0x08001c5c   0x00000046   Code   RO         1145    i.HAL_DMA_Abort     stm32f1xx_hal_dma.o
    0x08001ca2   0x08001ca2   0x00000002   PAD
    0x08001ca4   0x08001ca4   0x00000098   Code   RO         1146    i.HAL_DMA_Abort_IT  stm32f1xx_hal_dma.o
    0x08001d3c   0x08001d3c   0x00000024   Code   RO          771    i.HAL_Delay         stm32f1xx_hal.o
    0x08001d60   0x08001d60   0x000001e0   Code   RO         1081    i.HAL_GPIO_Init     stm32f1xx_hal_gpio.o
    0x08001f40   0x08001f40   0x0000000a   Code   RO         1083    i.HAL_GPIO_ReadPin  stm32f1xx_hal_gpio.o
    0x08001f4a   0x08001f4a   0x00000010   Code   RO         1084    i.HAL_GPIO_TogglePin  stm32f1xx_hal_gpio.o
    0x08001f5a   0x08001f5a   0x0000000a   Code   RO         1085    i.HAL_GPIO_WritePin  stm32f1xx_hal_gpio.o
    0x08001f64   0x08001f64   0x0000000c   Code   RO          775    i.HAL_GetTick       stm32f1xx_hal.o
    0x08001f70   0x08001f70   0x00000188   Code   RO         1752    i.HAL_I2C_Init      stm32f1xx_hal_i2c.o
    0x080020f8   0x080020f8   0x0000012c   Code   RO         1765    i.HAL_I2C_Master_Transmit  stm32f1xx_hal_i2c.o
    0x08002224   0x08002224   0x0000005c   Code   RO          263    i.HAL_I2C_MspInit   i2c.o
    0x08002280   0x08002280   0x00000010   Code   RO          781    i.HAL_IncTick       stm32f1xx_hal.o
    0x08002290   0x08002290   0x00000024   Code   RO          782    i.HAL_Init          stm32f1xx_hal.o
    0x080022b4   0x080022b4   0x00000040   Code   RO          783    i.HAL_InitTick      stm32f1xx_hal.o
    0x080022f4   0x080022f4   0x0000003c   Code   RO          428    i.HAL_MspInit       stm32f1xx_hal_msp.o
    0x08002330   0x08002330   0x0000001a   Code   RO         1241    i.HAL_NVIC_EnableIRQ  stm32f1xx_hal_cortex.o
    0x0800234a   0x0800234a   0x00000002   PAD
    0x0800234c   0x0800234c   0x00000040   Code   RO         1247    i.HAL_NVIC_SetPriority  stm32f1xx_hal_cortex.o
    0x0800238c   0x0800238c   0x00000024   Code   RO         1248    i.HAL_NVIC_SetPriorityGrouping  stm32f1xx_hal_cortex.o
    0x080023b0   0x080023b0   0x000000a4   Code   RO         1042    i.HAL_RCCEx_GetPeriphCLKFreq  stm32f1xx_hal_rcc_ex.o
    0x08002454   0x08002454   0x000000ec   Code   RO         1043    i.HAL_RCCEx_PeriphCLKConfig  stm32f1xx_hal_rcc_ex.o
    0x08002540   0x08002540   0x0000012c   Code   RO          939    i.HAL_RCC_ClockConfig  stm32f1xx_hal_rcc.o
    0x0800266c   0x0800266c   0x00000020   Code   RO          946    i.HAL_RCC_GetPCLK1Freq  stm32f1xx_hal_rcc.o
    0x0800268c   0x0800268c   0x00000020   Code   RO          947    i.HAL_RCC_GetPCLK2Freq  stm32f1xx_hal_rcc.o
    0x080026ac   0x080026ac   0x0000004c   Code   RO          948    i.HAL_RCC_GetSysClockFreq  stm32f1xx_hal_rcc.o
    0x080026f8   0x080026f8   0x00000320   Code   RO          951    i.HAL_RCC_OscConfig  stm32f1xx_hal_rcc.o
    0x08002a18   0x08002a18   0x00000028   Code   RO         1252    i.HAL_SYSTICK_Config  stm32f1xx_hal_cortex.o
    0x08002a40   0x08002a40   0x00000002   Code   RO         2190    i.HAL_UARTEx_RxEventCallback  stm32f1xx_hal_uart.o
    0x08002a42   0x08002a42   0x00000002   Code   RO         2204    i.HAL_UART_ErrorCallback  stm32f1xx_hal_uart.o
    0x08002a44   0x08002a44   0x0000026c   Code   RO         2207    i.HAL_UART_IRQHandler  stm32f1xx_hal_uart.o
    0x08002cb0   0x08002cb0   0x00000064   Code   RO         2208    i.HAL_UART_Init     stm32f1xx_hal_uart.o
    0x08002d14   0x08002d14   0x00000080   Code   RO          305    i.HAL_UART_MspInit  usart.o
    0x08002d94   0x08002d94   0x0000001c   Code   RO         2213    i.HAL_UART_Receive_IT  stm32f1xx_hal_uart.o
    0x08002db0   0x08002db0   0x00000054   Code   RO           14    i.HAL_UART_RxCpltCallback  main.o
    0x08002e04   0x08002e04   0x000000a0   Code   RO         2216    i.HAL_UART_Transmit  stm32f1xx_hal_uart.o
    0x08002ea4   0x08002ea4   0x00000002   Code   RO         2219    i.HAL_UART_TxCpltCallback  stm32f1xx_hal_uart.o
    0x08002ea6   0x08002ea6   0x00000002   Code   RO          348    i.HardFault_Handler  stm32f1xx_it.o
    0x08002ea8   0x08002ea8   0x00000620   Code   RO         2871    i.Help_Parse        cmd_help.o
    0x080034c8   0x080034c8   0x0000002e   Code   RO         1795    i.I2C_IsAcknowledgeFailed  stm32f1xx_hal_i2c.o
    0x080034f6   0x080034f6   0x00000002   PAD
    0x080034f8   0x080034f8   0x0000009c   Code   RO         1799    i.I2C_MasterRequestWrite  stm32f1xx_hal_i2c.o
    0x08003594   0x08003594   0x00000056   Code   RO         1810    i.I2C_WaitOnBTFFlagUntilTimeout  stm32f1xx_hal_i2c.o
    0x080035ea   0x080035ea   0x00000002   PAD
    0x080035ec   0x080035ec   0x00000090   Code   RO         1811    i.I2C_WaitOnFlagUntilTimeout  stm32f1xx_hal_i2c.o
    0x0800367c   0x0800367c   0x000000bc   Code   RO         1812    i.I2C_WaitOnMasterAddressFlagUntilTimeout  stm32f1xx_hal_i2c.o
    0x08003738   0x08003738   0x00000056   Code   RO         1814    i.I2C_WaitOnTXEFlagUntilTimeout  stm32f1xx_hal_i2c.o
    0x0800378e   0x0800378e   0x00000002   PAD
    0x08003790   0x08003790   0x0000000c   Code   RO         2624    i.Instruction_GetSpeed  instruction_manager.o
    0x0800379c   0x0800379c   0x00000028   Code   RO         2625    i.Instruction_Init  instruction_manager.o
    0x080037c4   0x080037c4   0x0000003c   Code   RO         2626    i.Instruction_Loop  instruction_manager.o
    0x08003800   0x08003800   0x000000b8   Code   RO         2627    i.Instruction_Parse  instruction_manager.o
    0x080038b8   0x080038b8   0x0000000c   Code   RO         2628    i.Instruction_SetMode  instruction_manager.o
    0x080038c4   0x080038c4   0x0000000c   Code   RO         2629    i.Instruction_SetSpeed  instruction_manager.o
    0x080038d0   0x080038d0   0x00000068   Code   RO           15    i.MCP4725_SetVoltage  main.o
    0x08003938   0x08003938   0x0000004c   Code   RO          222    i.MX_ADC1_Init      adc.o
    0x08003984   0x08003984   0x000000d0   Code   RO          196    i.MX_GPIO_Init      gpio.o
    0x08003a54   0x08003a54   0x00000040   Code   RO          264    i.MX_I2C1_Init      i2c.o
    0x08003a94   0x08003a94   0x00000038   Code   RO          306    i.MX_USART1_UART_Init  usart.o
    0x08003acc   0x08003acc   0x00000002   Code   RO          349    i.MemManage_Handler  stm32f1xx_it.o
    0x08003ace   0x08003ace   0x00000002   Code   RO          350    i.NMI_Handler       stm32f1xx_it.o
    0x08003ad0   0x08003ad0   0x00000020   Code   RO         2783    i.Parse_Ramp_Time   cmd_ramp.o
    0x08003af0   0x08003af0   0x00000002   Code   RO          351    i.PendSV_Handler    stm32f1xx_it.o
    0x08003af2   0x08003af2   0x00000002   PAD
    0x08003af4   0x08003af4   0x0000017c   Code   RO         2784    i.Ramp_Parse        cmd_ramp.o
    0x08003c70   0x08003c70   0x0000000c   Code   RO         2785    i.Ramp_Stop         cmd_ramp.o
    0x08003c7c   0x08003c7c   0x00000078   Code   RO         2786    i.Ramp_Update       cmd_ramp.o
    0x08003cf4   0x08003cf4   0x00000002   Code   RO          352    i.SVC_Handler       stm32f1xx_it.o
    0x08003cf6   0x08003cf6   0x00000002   PAD
    0x08003cf8   0x08003cf8   0x00000034   Code   RO         3036    i.SelfTest_Parse    cmd_self_test.o
    0x08003d2c   0x08003d2c   0x00000200   Code   RO         3037    i.SelfTest_Run      cmd_self_test.o
    0x08003f2c   0x08003f2c   0x00000010   Code   RO         2917    i.Start_Init        cmd_start.o
    0x08003f3c   0x08003f3c   0x00000088   Code   RO         2918    i.Start_Parse       cmd_start.o
    0x08003fc4   0x08003fc4   0x00000004   Code   RO          353    i.SysTick_Handler   stm32f1xx_it.o
    0x08003fc8   0x08003fc8   0x00000072   Code   RO           16    i.SystemClock_Config  main.o
    0x0800403a   0x0800403a   0x00000002   Code   RO         2542    i.SystemInit        system_stm32f1xx.o
    0x0800403c   0x0800403c   0x000000c4   Code   RO         2836    i.Timer_Parse       cmd_timer.o
    0x08004100   0x08004100   0x0000000c   Code   RO         2837    i.Timer_Stop        cmd_timer.o
    0x0800410c   0x0800410c   0x00000050   Code   RO         2838    i.Timer_Update      cmd_timer.o
    0x0800415c   0x0800415c   0x00000010   Code   RO         2221    i.UART_DMAAbortOnError  stm32f1xx_hal_uart.o
    0x0800416c   0x0800416c   0x0000004e   Code   RO         2231    i.UART_EndRxTransfer  stm32f1xx_hal_uart.o
    0x080041ba   0x080041ba   0x000000c2   Code   RO         2233    i.UART_Receive_IT   stm32f1xx_hal_uart.o
    0x0800427c   0x0800427c   0x000000b8   Code   RO         2234    i.UART_SetConfig    stm32f1xx_hal_uart.o
    0x08004334   0x08004334   0x00000036   Code   RO         2236    i.UART_Start_Receive_IT  stm32f1xx_hal_uart.o
    0x0800436a   0x0800436a   0x00000072   Code   RO         2237    i.UART_WaitOnFlagUntilTimeout  stm32f1xx_hal_uart.o
    0x080043dc   0x080043dc   0x0000000c   Code   RO          354    i.USART1_IRQHandler  stm32f1xx_it.o
    0x080043e8   0x080043e8   0x00000002   Code   RO          355    i.UsageFault_Handler  stm32f1xx_it.o
    0x080043ea   0x080043ea   0x00000002   PAD
    0x080043ec   0x080043ec   0x0000012c   Code   RO         3038    i.Verify_Step       cmd_self_test.o
    0x08004518   0x08004518   0x00000020   Code   RO         3361    i.__0printf         mc_w.l(printfa.o)
    0x08004538   0x08004538   0x00000020   Code   RO         1254    i.__NVIC_SetPriority  stm32f1xx_hal_cortex.o
    0x08004558   0x08004558   0x00000010   Code   RO         3452    i.__mathlib_narrow  m_ws.l(narrow.o)
    0x08004568   0x08004568   0x000000bc   Code   RO         3453    i.__mathlib_tofloat  m_ws.l(narrow.o)
    0x08004624   0x08004624   0x0000000c   Code   RO         3429    i.__read_errno      mc_w.l(errno.o)
    0x08004630   0x08004630   0x0000000e   Code   RO         3491    i.__scatterload_copy  mc_w.l(handlers.o)
    0x0800463e   0x0800463e   0x00000002   Code   RO         3492    i.__scatterload_null  mc_w.l(handlers.o)
    0x08004640   0x08004640   0x0000000e   Code   RO         3493    i.__scatterload_zeroinit  mc_w.l(handlers.o)
    0x0800464e   0x0800464e   0x00000002   PAD
    0x08004650   0x08004650   0x0000000c   Code   RO         3430    i.__set_errno       mc_w.l(errno.o)
    0x0800465c   0x0800465c   0x00000184   Code   RO         3368    i._fp_digits        mc_w.l(printfa.o)
    0x080047e0   0x080047e0   0x0000000e   Code   RO         3468    i._is_digit         mc_w.l(scanf_fp.o)
    0x080047ee   0x080047ee   0x00000002   PAD
    0x080047f0   0x080047f0   0x000006dc   Code   RO         3369    i._printf_core      mc_w.l(printfa.o)
    0x08004ecc   0x08004ecc   0x00000024   Code   RO         3370    i._printf_post_padding  mc_w.l(printfa.o)
    0x08004ef0   0x08004ef0   0x0000002e   Code   RO         3371    i._printf_pre_padding  mc_w.l(printfa.o)
    0x08004f1e   0x08004f1e   0x0000002a   Code   RO         3074    i.atof              m_ws.l(atof.o)
    0x08004f48   0x08004f48   0x00000032   Code   RO         2630    i.custom_stricmp    instruction_manager.o
    0x08004f7a   0x08004f7a   0x00000002   PAD
    0x08004f7c   0x08004f7c   0x00000018   Code   RO           17    i.fputc             main.o
    0x08004f94   0x08004f94   0x00000058   Code   RO         3475    i.frexp             m_ws.l(frexp.o)
    0x08004fec   0x08004fec   0x00000090   Code   RO           18    i.main              main.o
    0x0800507c   0x0800507c   0x00000014   Code   RO         3078    i.strtof            m_ws.l(strtof.o)
    0x08005090   0x08005090   0x00000012   Data   RO          952    .constdata          stm32f1xx_hal_rcc.o
    0x080050a2   0x080050a2   0x00000012   Data   RO         1044    .constdata          stm32f1xx_hal_rcc_ex.o
    0x080050b4   0x080050b4   0x00000010   Data   RO         2543    .constdata          system_stm32f1xx.o
    0x080050c4   0x080050c4   0x00000008   Data   RO         2544    .constdata          system_stm32f1xx.o
    0x080050cc   0x080050cc   0x00000050   Data   RO         2582    .constdata          calibration.o
    0x0800511c   0x0800511c   0x0000000c   Data   RO         3039    .constdata          cmd_self_test.o
    0x08005128   0x08005128   0x00000081   Data   RO         3087    .constdata          mc_w.l(ctype_o.o)
    0x080051a9   0x080051a9   0x00000003   PAD
    0x080051ac   0x080051ac   0x00000004   Data   RO         3088    .constdata          mc_w.l(ctype_o.o)
    0x080051b0   0x080051b0   0x00000045   Data   RO         2872    .conststring        cmd_help.o
    0x080051f5   0x080051f5   0x00000003   PAD
    0x080051f8   0x080051f8   0x00000020   Data   RO         3489    Region$$Table       anon$$obj.o


    Execution Region RW_IRAM1 (Exec base: 0x20000000, Load base: 0x08005218, Size: 0x00000690, Max: 0x00005000, ABSOLUTE)

    Exec Addr    Load Addr    Size         Type   Attr      Idx    E Section Name        Object

    0x20000000   0x08005218   0x00000003   Data   RW           20    .data               main.o
    0x20000003   0x0800521b   0x00000001   PAD
    0x20000004   0x0800521c   0x0000000c   Data   RW          789    .data               stm32f1xx_hal.o
    0x20000010   0x08005228   0x00000004   Data   RW         2545    .data               system_stm32f1xx.o
    0x20000014   0x0800522c   0x00000008   Data   RW         2583    .data               calibration.o
    0x2000001c   0x08005234   0x0000000c   Data   RW         2631    .data               instruction_manager.o
    0x20000028   0x08005240   0x00000008   Data   RW         2750    .data               cmd_cal.o
    0x20000030   0x08005248   0x00000008   Data   RW         2949    .data               cmd_adc.o
    0x20000038   0x08005250   0x0000000c   Data   RW         2985    .data               cmd_buzzer.o
    0x20000044   0x0800525c   0x00000004   Data   RW         3423    .data               mc_w.l(stdout.o)
    0x20000048   0x08005260   0x00000004   Data   RW         3431    .data               mc_w.l(errno.o)
    0x2000004c        -       0x00000014   Zero   RW           19    .bss                main.o
    0x20000060        -       0x00000030   Zero   RW          223    .bss                adc.o
    0x20000090        -       0x00000054   Zero   RW          265    .bss                i2c.o
    0x200000e4        -       0x00000048   Zero   RW          307    .bss                usart.o
    0x2000012c        -       0x00000140   Zero   RW         2581    .bss                calibration.o
    0x2000026c        -       0x00000014   Zero   RW         2787    .bss                cmd_ramp.o
    0x20000280        -       0x0000000c   Zero   RW         2839    .bss                cmd_timer.o
    0x2000028c   0x08005264   0x00000004   PAD
    0x20000290        -       0x00000400   Zero   RW            1    STACK               startup_stm32f103xb.o


==============================================================================

Image component sizes


      Code (inc. data)   RO Data    RW Data    ZI Data      Debug   Object Name

       164         20          0          0         48       1677   adc.o
       500         48         80          8        320       4644   calibration.o
       268        124          0          8          0       1469   cmd_adc.o
       172         54          0          0          0        650   cmd_basic.o
       440        150          0         12          0       2861   cmd_buzzer.o
       256        164          0          8          0       2312   cmd_cal.o
       248        126          0          0          0       1147   cmd_direction.o
      1568       1320         69          0          0        757   cmd_help.o
       544        124          0          0         20       3363   cmd_ramp.o
       964        364         12          0          0       2892   cmd_self_test.o
       152         76          0          0          0       1051   cmd_start.o
       288         90          0          0         12       2510   cmd_timer.o
       208         16          0          0          0       1003   gpio.o
       156         26          0          0         84       1665   i2c.o
       426         60          0         12          0       5371   instruction_manager.o
       474        130          0          3         20     421901   main.o
        36          8        236          0       1024        812   startup_stm32f103xb.o
       164         28          0         12          0       5973   stm32f1xx_hal.o
      1312         54          0          0          0       7307   stm32f1xx_hal_adc.o
       198         14          0          0          0      28995   stm32f1xx_hal_cortex.o
       222          4          0          0          0       1795   stm32f1xx_hal_dma.o
       516         34          0          0          0       4172   stm32f1xx_hal_gpio.o
      1398         32          0          0          0       9197   stm32f1xx_hal_i2c.o
        60          8          0          0          0        894   stm32f1xx_hal_msp.o
      1240         84         18          0          0       5164   stm32f1xx_hal_rcc.o
       400         28         18          0          0       2497   stm32f1xx_hal_rcc_ex.o
      1554         10          0          0          0      11088   stm32f1xx_hal_uart.o
        32          6          0          0          0       4394   stm32f1xx_it.o
         2          0         24          4          0       1143   system_stm32f1xx.o
       184         20          0          0         72       1718   usart.o

    ----------------------------------------------------------------------
     14172       3222        492         68       1604     540422   Object Totals
         0          0         32          0          0          0   (incl. Generated)
        26          0          3          1          4          0   (incl. Padding)

    ----------------------------------------------------------------------

      Code (inc. data)   RO Data    RW Data    ZI Data      Debug   Library Member Name

        42          0          0          0          0         84   atof.o
        88          8          0          0          0         76   frexp.o
       204          4          0          0          0        168   narrow.o
        20          0          0          0          0         76   strtof.o
        64          0          0          0          0         84   _sgetc.o
         8          4        133          0          0         68   ctype_o.o
         0          0          0          0          0          0   entry.o
         0          0          0          0          0          0   entry10a.o
         0          0          0          0          0          0   entry11a.o
         8          4          0          0          0          0   entry2.o
         4          0          0          0          0          0   entry5.o
         0          0          0          0          0          0   entry7b.o
         0          0          0          0          0          0   entry8b.o
         8          4          0          0          0          0   entry9a.o
        24         12          0          4          0        136   errno.o
        30          0          0          0          0          0   handlers.o
        36          8          0          0          0         68   init.o
        18          0          0          0          0         76   isspace_o.o
         0          0          0          0          0          0   iusefp.o
        30          0          0          0          0         68   llshl.o
        36          0          0          0          0         68   llsshr.o
        32          0          0          0          0         68   llushr.o
        36          0          0          0          0        108   memseta.o
      2258         90          0          0          0        452   printfa.o
       878         12          0          0          0        216   scanf_fp.o
         0          0          0          4          0          0   stdout.o
        42          0          0          0          0         84   strcasecmp.o
        20          0          0          0          0         68   strchr.o
        14          0          0          0          0         68   strlen.o
        30          0          0          0          0         80   strncmp.o
        32          0          0          0          0         76   strpbrk.o
       156         12          0          0          0        120   strtod.o
        26          0          0          0          0         80   strtof.o
        12          0          0          0          0         68   tolower.o
        44          0          0          0          0         80   uidiv.o
        98          0          0          0          0         92   uldiv.o
        48          0          0          0          0         68   cdcmple.o
        48          0          0          0          0         68   cdrcmple.o
        20          0          0          0          0         68   cfcmple.o
        20          0          0          0          0         68   cfrcmple.o
        56          0          0          0          0         88   d2f.o
       334          0          0          0          0        148   dadd.o
       222          0          0          0          0        100   ddiv.o
       186          0          0          0          0        176   depilogue.o
        48          0          0          0          0         68   dfixul.o
        24          0          0          0          0         76   dfltul.o
       228          0          0          0          0         96   dmul.o
        46          0          0          0          0         80   dscalb.o
        38          0          0          0          0         68   f2d.o
       176          0          0          0          0        140   fadd.o
       124          0          0          0          0         88   fdiv.o
       110          0          0          0          0        168   fepilogue.o
        40          0          0          0          0         68   ffixui.o
        10          0          0          0          0         68   ffltui.o
       100          0          0          0          0         76   fmul.o
         4          0          0          0          0         68   fpstat.o
        24          0          0          0          0         68   fscalb.o

    ----------------------------------------------------------------------
      6216        158        136          8          0       4548   Library Totals
        12          0          3          0          0          0   (incl. Padding)

    ----------------------------------------------------------------------

      Code (inc. data)   RO Data    RW Data    ZI Data      Debug   Library Name

       354         12          0          0          0        404   m_ws.l
      3944        146        133          8          0       2228   mc_w.l
      1906          0          0          0          0       1916   mf_w.l

    ----------------------------------------------------------------------
      6216        158        136          8          0       4548   Library Totals

    ----------------------------------------------------------------------

==============================================================================


      Code (inc. data)   RO Data    RW Data    ZI Data      Debug   

     20388       3380        628         76       1604     536698   Grand Totals
     20388       3380        628         76       1604     536698   ELF Image Totals
     20388       3380        628         76          0          0   ROM Totals

==============================================================================

    Total RO  Size (Code + RO Data)                21016 (  20.52kB)
    Total RW  Size (RW Data + ZI Data)              1680 (   1.64kB)
    Total ROM Size (Code + RO Data + RW Data)      21092 (  20.60kB)

==============================================================================

